ERC report (2026-09-14T22:30:02, Encoding UTF8)
Report includes: Errors, Warnings

***** Sheet /
[lib_symbol_mismatch]: Symbol 'C' doesn't match copy in library 'Device'
    ; warning
    @(205.74 mm, 127.00 mm): Symbol C21 [C]
[lib_symbol_mismatch]: Symbol 'R' doesn't match copy in library 'Device'
    ; warning
    @(205.74 mm, 132.08 mm): Symbol R2 [R]
[lib_symbol_mismatch]: Symbol 'L' doesn't match copy in library 'Device'
    ; warning
    @(222.25 mm, 115.57 mm): Symbol FB1 [L]
[lib_symbol_mismatch]: Symbol 'R' doesn't match copy in library 'Device'
    ; warning
    @(222.25 mm, 123.19 mm): Symbol R1 [R]
[lib_symbol_mismatch]: Symbol 'C' doesn't match copy in library 'Device'
    ; warning
    @(224.79 mm, 115.57 mm): Symbol C6 [C]
[lib_symbol_mismatch]: Symbol 'C' doesn't match copy in library 'Device'
    ; warning
    @(227.33 mm, 115.57 mm): Symbol C8 [C]
[lib_symbol_mismatch]: Symbol 'STM32F103R_C-D-E_Tx' doesn't match copy in library 'MCU_ST_STM32F1'
    ; warning
    @(227.33 mm, 167.64 mm): Symbol U1 [STM32F103R_C-D-E_Tx]
[lib_symbol_mismatch]: Symbol 'C' doesn't match copy in library 'Device'
    ; warning
    @(229.87 mm, 115.57 mm): Symbol C5 [C]
[lib_symbol_mismatch]: Symbol 'C' doesn't match copy in library 'Device'
    ; warning
    @(232.41 mm, 115.57 mm): Symbol C9 [C]
[lib_symbol_mismatch]: Symbol 'C' doesn't match copy in library 'Device'
    ; warning
    @(234.95 mm, 115.57 mm): Symbol C10 [C]
[lib_symbol_mismatch]: Symbol 'C' doesn't match copy in library 'Device'
    ; warning
    @(237.49 mm, 93.98 mm): Symbol C7 [C]
[lib_symbol_mismatch]: Symbol 'Conn_01x04' doesn't match copy in library 'Connector_Generic'
    ; warning
    @(246.38 mm, 96.52 mm): Symbol J2 [Conn_01x04]
[lib_symbol_mismatch]: Symbol 'C' doesn't match copy in library 'Device'
    ; warning
    @(127.00 mm, 101.60 mm): Symbol C26 [C]
[lib_symbol_mismatch]: Symbol 'R' doesn't match copy in library 'Device'
    ; warning
    @(127.00 mm, 107.95 mm): Symbol R28 [R]
[lib_symbol_mismatch]: Symbol 'R' doesn't match copy in library 'Device'
    ; warning
    @(162.56 mm, 106.68 mm): Symbol R27 [R]
[endpoint_off_grid]: Symbol pin or wire end off connection grid
    ; warning
    @(83.82 mm, 200.92 mm): Symbol LED62 Pin 1 [K, Passive, Line]
[endpoint_off_grid]: Symbol pin or wire end off connection grid
    ; warning
    @(83.82 mm, 210.62 mm): Symbol LED13 Pin 1 [K, Passive, Line]
[endpoint_off_grid]: Symbol pin or wire end off connection grid
    ; warning
    @(83.82 mm, 220.31 mm): Symbol LED71 Pin 1 [K, Passive, Line]
[endpoint_off_grid]: Symbol pin or wire end off connection grid
    ; warning
    @(83.82 mm, 239.69 mm): Symbol LED33 Pin 1 [K, Passive, Line]
[endpoint_off_grid]: Symbol pin or wire end off connection grid
    ; warning
    @(83.82 mm, 249.39 mm): Symbol LED73 Pin 1 [K, Passive, Line]
[endpoint_off_grid]: Symbol pin or wire end off connection grid
    ; warning
    @(87.63 mm, 86.11 mm): Symbol R6_1 Pin 1 [Passive, Line]
[lib_symbol_mismatch]: Symbol 'R' doesn't match copy in library 'Device'
    ; warning
    @(87.63 mm, 89.92 mm): Symbol R6_1 [R]
[lib_symbol_mismatch]: Symbol 'LED' doesn't match copy in library 'Device'
    ; warning
    @(87.63 mm, 200.92 mm): Symbol LED62 [LED]
[lib_symbol_mismatch]: Symbol 'LED' doesn't match copy in library 'Device'
    ; warning
    @(87.63 mm, 210.62 mm): Symbol LED13 [LED]
[lib_symbol_mismatch]: Symbol 'LED' doesn't match copy in library 'Device'
    ; warning
    @(87.63 mm, 220.31 mm): Symbol LED71 [LED]
[lib_symbol_mismatch]: Symbol 'LED' doesn't match copy in library 'Device'
    ; warning
    @(87.63 mm, 239.69 mm): Symbol LED33 [LED]
[lib_symbol_mismatch]: Symbol 'LED' doesn't match copy in library 'Device'
    ; warning
    @(87.63 mm, 249.39 mm): Symbol LED73 [LED]
[lib_symbol_mismatch]: Symbol 'R' doesn't match copy in library 'Device'
    ; warning
    @(87.63 mm, 259.08 mm): Symbol R4_1 [R]
[endpoint_off_grid]: Symbol pin or wire end off connection grid
    ; warning
    @(91.44 mm, 210.62 mm): Symbol #PWR061 Pin 1 [Power input, Line]
[endpoint_off_grid]: Symbol pin or wire end off connection grid
    ; warning
    @(91.44 mm, 239.69 mm): Symbol #PWR063 Pin 1 [Power input, Line]
[endpoint_off_grid]: Symbol pin or wire end off connection grid
    ; warning
    @(91.44 mm, 249.39 mm): Symbol #PWR067 Pin 1 [Power input, Line]
[endpoint_off_grid]: Symbol pin or wire end off connection grid
    ; warning
    @(94.61 mm, 198.88 mm): Symbol R5_1 Pin 1 [Passive, Line]
[lib_symbol_mismatch]: Symbol 'R' doesn't match copy in library 'Device'
    ; warning
    @(94.61 mm, 202.69 mm): Symbol R5_1 [R]
[endpoint_off_grid]: Symbol pin or wire end off connection grid
    ; warning
    @(94.61 mm, 255.27 mm): Symbol R8_1 Pin 1 [Passive, Line]
[lib_symbol_mismatch]: Symbol 'R' doesn't match copy in library 'Device'
    ; warning
    @(94.61 mm, 259.08 mm): Symbol R8_1 [R]
[endpoint_off_grid]: Symbol pin or wire end off connection grid
    ; warning
    @(101.59 mm, 198.88 mm): Symbol R1_1 Pin 1 [Passive, Line]
[lib_symbol_mismatch]: Symbol 'R' doesn't match copy in library 'Device'
    ; warning
    @(101.59 mm, 202.69 mm): Symbol R1_1 [R]
[endpoint_off_grid]: Symbol pin or wire end off connection grid
    ; warning
    @(108.57 mm, 29.72 mm): Symbol R3_1 Pin 1 [Passive, Line]
[lib_symbol_mismatch]: Symbol 'R' doesn't match copy in library 'Device'
    ; warning
    @(108.57 mm, 33.53 mm): Symbol R3_1 [R]
[endpoint_off_grid]: Symbol pin or wire end off connection grid
    ; warning
    @(115.55 mm, 29.72 mm): Symbol R7_1 Pin 1 [Passive, Line]
[lib_symbol_mismatch]: Symbol 'R' doesn't match copy in library 'Device'
    ; warning
    @(115.55 mm, 33.53 mm): Symbol R7_1 [R]
[endpoint_off_grid]: Symbol pin or wire end off connection grid
    ; warning
    @(115.55 mm, 142.49 mm): Symbol R2_1 Pin 1 [Passive, Line]
[lib_symbol_mismatch]: Symbol 'R' doesn't match copy in library 'Device'
    ; warning
    @(115.55 mm, 146.30 mm): Symbol R2_1 [R]
[endpoint_off_grid]: Symbol pin or wire end off connection grid
    ; warning
    @(126.49 mm, 200.92 mm): Symbol LED83 Pin 1 [K, Passive, Line]
[endpoint_off_grid]: Symbol pin or wire end off connection grid
    ; warning
    @(126.49 mm, 239.69 mm): Symbol LED63 Pin 1 [K, Passive, Line]
[lib_symbol_mismatch]: Symbol 'LED' doesn't match copy in library 'Device'
    ; warning
    @(130.30 mm, 200.92 mm): Symbol LED83 [LED]
[lib_symbol_mismatch]: Symbol 'LED' doesn't match copy in library 'Device'
    ; warning
    @(130.30 mm, 239.69 mm): Symbol LED63 [LED]
[endpoint_off_grid]: Symbol pin or wire end off connection grid
    ; warning
    @(134.11 mm, 200.92 mm): Symbol #PWR068 Pin 1 [Power input, Line]
[endpoint_off_grid]: Symbol pin or wire end off connection grid
    ; warning
    @(134.11 mm, 239.69 mm): Symbol #PWR066 Pin 1 [Power input, Line]
[endpoint_off_grid]: Symbol pin or wire end off connection grid
    ; warning
    @(144.78 mm, 210.62 mm): Symbol LED31 Pin 1 [K, Passive, Line]
[endpoint_off_grid]: Symbol pin or wire end off connection grid
    ; warning
    @(144.78 mm, 220.31 mm): Symbol LED61 Pin 1 [K, Passive, Line]
[endpoint_off_grid]: Symbol pin or wire end off connection grid
    ; warning
    @(144.78 mm, 230.00 mm): Symbol LED12 Pin 1 [K, Passive, Line]
[lib_symbol_mismatch]: Symbol 'LED' doesn't match copy in library 'Device'
    ; warning
    @(148.59 mm, 210.62 mm): Symbol LED31 [LED]
[lib_symbol_mismatch]: Symbol 'LED' doesn't match copy in library 'Device'
    ; warning
    @(148.59 mm, 220.31 mm): Symbol LED61 [LED]
[lib_symbol_mismatch]: Symbol 'LED' doesn't match copy in library 'Device'
    ; warning
    @(148.59 mm, 230.00 mm): Symbol LED12 [LED]
[endpoint_off_grid]: Symbol pin or wire end off connection grid
    ; warning
    @(169.16 mm, 230.00 mm): Symbol LED23 Pin 1 [K, Passive, Line]
[endpoint_off_grid]: Symbol pin or wire end off connection grid
    ; warning
    @(169.16 mm, 239.69 mm): Symbol LED53 Pin 1 [K, Passive, Line]
[lib_symbol_mismatch]: Symbol 'LED' doesn't match copy in library 'Device'
    ; warning
    @(172.97 mm, 230.00 mm): Symbol LED23 [LED]
[lib_symbol_mismatch]: Symbol 'LED' doesn't match copy in library 'Device'
    ; warning
    @(172.97 mm, 239.69 mm): Symbol LED53 [LED]
[endpoint_off_grid]: Symbol pin or wire end off connection grid
    ; warning
    @(176.78 mm, 230.00 mm): Symbol #PWR062 Pin 1 [Power input, Line]
[endpoint_off_grid]: Symbol pin or wire end off connection grid
    ; warning
    @(176.78 mm, 239.69 mm): Symbol #PWR065 Pin 1 [Power input, Line]
[endpoint_off_grid]: Symbol pin or wire end off connection grid
    ; warning
    @(205.74 mm, 210.62 mm): Symbol LED72 Pin 1 [K, Passive, Line]
[endpoint_off_grid]: Symbol pin or wire end off connection grid
    ; warning
    @(205.74 mm, 220.31 mm): Symbol LED82 Pin 1 [K, Passive, Line]
[lib_symbol_mismatch]: Symbol 'LED' doesn't match copy in library 'Device'
    ; warning
    @(209.55 mm, 210.62 mm): Symbol LED72 [LED]
[lib_symbol_mismatch]: Symbol 'LED' doesn't match copy in library 'Device'
    ; warning
    @(209.55 mm, 220.31 mm): Symbol LED82 [LED]
[lib_symbol_mismatch]: Symbol 'LED' doesn't match copy in library 'Device'
    ; warning
    @(209.55 mm, 259.08 mm): Symbol LED21 [LED]
[endpoint_off_grid]: Symbol pin or wire end off connection grid
    ; warning
    @(211.84 mm, 210.62 mm): Symbol LED43 Pin 1 [K, Passive, Line]
[lib_symbol_mismatch]: Symbol 'LED' doesn't match copy in library 'Device'
    ; warning
    @(215.65 mm, 210.62 mm): Symbol LED43 [LED]
[endpoint_off_grid]: Symbol pin or wire end off connection grid
    ; warning
    @(219.46 mm, 210.62 mm): Symbol #PWR064 Pin 1 [Power input, Line]
[endpoint_off_grid]: Symbol pin or wire end off connection grid
    ; warning
    @(266.70 mm, 230.00 mm): Symbol LED41 Pin 1 [K, Passive, Line]
[endpoint_off_grid]: Symbol pin or wire end off connection grid
    ; warning
    @(266.70 mm, 239.69 mm): Symbol LED81 Pin 1 [K, Passive, Line]
[endpoint_off_grid]: Symbol pin or wire end off connection grid
    ; warning
    @(266.70 mm, 249.39 mm): Symbol LED11 Pin 1 [K, Passive, Line]
[lib_symbol_mismatch]: Symbol 'LED' doesn't match copy in library 'Device'
    ; warning
    @(270.51 mm, 230.00 mm): Symbol LED41 [LED]
[lib_symbol_mismatch]: Symbol 'LED' doesn't match copy in library 'Device'
    ; warning
    @(270.51 mm, 239.69 mm): Symbol LED81 [LED]
[lib_symbol_mismatch]: Symbol 'LED' doesn't match copy in library 'Device'
    ; warning
    @(270.51 mm, 249.39 mm): Symbol LED11 [LED]
[lib_symbol_mismatch]: Symbol 'LED' doesn't match copy in library 'Device'
    ; warning
    @(270.51 mm, 259.08 mm): Symbol LED32 [LED]
[endpoint_off_grid]: Symbol pin or wire end off connection grid
    ; warning
    @(327.66 mm, 210.62 mm): Symbol LED51 Pin 1 [K, Passive, Line]
[endpoint_off_grid]: Symbol pin or wire end off connection grid
    ; warning
    @(327.66 mm, 230.00 mm): Symbol LED42 Pin 1 [K, Passive, Line]
[endpoint_off_grid]: Symbol pin or wire end off connection grid
    ; warning
    @(327.66 mm, 249.39 mm): Symbol LED22 Pin 1 [K, Passive, Line]
[lib_symbol_mismatch]: Symbol 'LED' doesn't match copy in library 'Device'
    ; warning
    @(331.47 mm, 210.62 mm): Symbol LED51 [LED]
[lib_symbol_mismatch]: Symbol 'LED' doesn't match copy in library 'Device'
    ; warning
    @(331.47 mm, 230.00 mm): Symbol LED42 [LED]
[lib_symbol_mismatch]: Symbol 'LED' doesn't match copy in library 'Device'
    ; warning
    @(331.47 mm, 249.39 mm): Symbol LED22 [LED]
[lib_symbol_mismatch]: Symbol 'LED' doesn't match copy in library 'Device'
    ; warning
    @(331.47 mm, 259.08 mm): Symbol LED52 [LED]
[lib_symbol_mismatch]: Symbol 'AO3400A' doesn't match copy in library 'Transistor_FET'
    ; warning
    @(130.81 mm, 107.95 mm): Symbol Q2 [AO3400A]
[lib_symbol_mismatch]: Symbol 'Thermistor_NTC' doesn't match copy in library 'Device'
    ; warning
    @(137.16 mm, 80.01 mm): Symbol RT1 [Thermistor_NTC]
[lib_symbol_mismatch]: Symbol 'R' doesn't match copy in library 'Device'
    ; warning
    @(154.94 mm, 109.22 mm): Symbol R17 [R]
[lib_symbol_mismatch]: Symbol 'R' doesn't match copy in library 'Device'
    ; warning
    @(154.94 mm, 116.84 mm): Symbol R16 [R]
[lib_symbol_mismatch]: Symbol 'D' doesn't match copy in library 'Device'
    ; warning
    @(168.91 mm, 109.22 mm): Symbol D3 [D]
[lib_symbol_mismatch]: Symbol 'Conn_01x02' doesn't match copy in library 'Connector_Generic'
    ; warning
    @(173.99 mm, 102.87 mm): Symbol J5 [Conn_01x02]
[lib_symbol_mismatch]: Symbol 'R' doesn't match copy in library 'Device'
    ; warning
    @(132.08 mm, 119.38 mm): Symbol R25 [R]
[lib_symbol_mismatch]: Symbol 'C' doesn't match copy in library 'Device'
    ; warning
    @(144.78 mm, 97.79 mm): Symbol C25 [C]
[lib_symbol_mismatch]: Symbol 'R' doesn't match copy in library 'Device'
    ; warning
    @(167.64 mm, 118.11 mm): Symbol R26 [R]
[lib_symbol_mismatch]: Symbol 'C' doesn't match copy in library 'Device'
    ; warning
    @(128.27 mm, 102.87 mm): Symbol C27 [C]
[lib_symbol_mismatch]: Symbol 'R' doesn't match copy in library 'Device'
    ; warning
    @(128.27 mm, 107.95 mm): Symbol R30 [R]
[lib_symbol_mismatch]: Symbol 'R' doesn't match copy in library 'Device'
    ; warning
    @(161.29 mm, 106.68 mm): Symbol R29 [R]
[lib_symbol_mismatch]: Symbol 'R' doesn't match copy in library 'Device'
    ; warning
    @(116.84 mm, 106.68 mm): Symbol R19 [R]
[lib_symbol_mismatch]: Symbol 'MMBT3904' doesn't match copy in library 'Transistor_BJT'
    ; warning
    @(120.65 mm, 82.55 mm): Symbol Q3 [MMBT3904]
[lib_symbol_mismatch]: Symbol 'R' doesn't match copy in library 'Device'
    ; warning
    @(124.46 mm, 106.68 mm): Symbol R18 [R]
[lib_symbol_mismatch]: Symbol 'R' doesn't match copy in library 'Device'
    ; warning
    @(148.59 mm, 111.76 mm): Symbol R21 [R]
[lib_symbol_mismatch]: Symbol 'R' doesn't match copy in library 'Device'
    ; warning
    @(156.21 mm, 83.82 mm): Symbol R14 [R]
[lib_symbol_mismatch]: Symbol 'MMBT3906' doesn't match copy in library 'Transistor_BJT'
    ; warning
    @(157.48 mm, 114.30 mm): Symbol Q4 [MMBT3906]
[lib_symbol_mismatch]: Symbol 'R' doesn't match copy in library 'Device'
    ; warning
    @(157.48 mm, 123.19 mm): Symbol R20 [R]
[lib_symbol_mismatch]: Symbol 'R' doesn't match copy in library 'Device'
    ; warning
    @(163.83 mm, 83.82 mm): Symbol R15 [R]
[lib_symbol_mismatch]: Symbol 'BSS138' doesn't match copy in library 'Transistor_FET'
    ; warning
    @(165.10 mm, 86.36 mm): Symbol Q1 [BSS138]
[lib_symbol_mismatch]: Symbol 'R' doesn't match copy in library 'Device'
    ; warning
    @(165.10 mm, 95.25 mm): Symbol R13 [R]
[lib_symbol_mismatch]: Symbol 'C' doesn't match copy in library 'Device'
    ; warning
    @(124.46 mm, 77.47 mm): Symbol C2 [C]
[lib_symbol_mismatch]: Symbol 'C' doesn't match copy in library 'Device'
    ; warning
    @(132.08 mm, 77.47 mm): Symbol C3 [C]
[lib_symbol_mismatch]: Symbol 'L' doesn't match copy in library 'Device'
    ; warning
    @(132.08 mm, 77.47 mm): Symbol L1 [L]
[lib_symbol_mismatch]: Symbol 'C' doesn't match copy in library 'Device'
    ; warning
    @(134.62 mm, 91.44 mm): Symbol C4 [C]
[lib_symbol_mismatch]: Symbol 'D_Schottky' doesn't match copy in library 'Device'
    ; warning
    @(134.62 mm, 99.06 mm): Symbol D4 [D_Schottky]
[lib_symbol_mismatch]: Symbol 'D_Schottky' doesn't match copy in library 'Device'
    ; warning
    @(139.70 mm, 77.47 mm): Symbol D1 [D_Schottky]
[lib_symbol_mismatch]: Symbol 'Conn_02x16_Odd_Even' doesn't match copy in library 'Connector_Generic'
    ; warning
    @(151.13 mm, 59.69 mm): Symbol J1 [Conn_02x16_Odd_Even]
[lib_symbol_mismatch]: Symbol 'C' doesn't match copy in library 'Device'
    ; warning
    @(152.40 mm, 57.15 mm): Symbol C17 [C]
[isolated_pin_label]: Label connected to only one pin
    ; warning
    @(156.21 mm, 69.85 mm): Global Label 'FB_M1_RAW'
[lib_symbol_mismatch]: Symbol 'C' doesn't match copy in library 'Device'
    ; warning
    @(160.02 mm, 57.15 mm): Symbol C16 [C]
[lib_symbol_mismatch]: Symbol 'D_Zener' doesn't match copy in library 'Device'
    ; warning
    @(160.02 mm, 57.15 mm): Symbol D5 [D_Zener]
[lib_symbol_mismatch]: Symbol 'LM78M05_TO252' doesn't match copy in library 'Regulator_Linear'
    ; warning
    @(160.02 mm, 95.25 mm): Symbol U6 [LM78M05_TO252]
[lib_symbol_mismatch]: Symbol 'C' doesn't match copy in library 'Device'
    ; warning
    @(163.83 mm, 95.25 mm): Symbol C11 [C]
[lib_symbol_mismatch]: Symbol 'D_Zener' doesn't match copy in library 'Device'
    ; warning
    @(163.83 mm, 95.25 mm): Symbol D2 [D_Zener]
[lib_symbol_mismatch]: Symbol 'AP1117-15' doesn't match copy in library 'Regulator_Linear'
    ; warning
    @(165.10 mm, 146.05 mm): Symbol U7 [AP1117-15]
[lib_symbol_mismatch]: Symbol 'C' doesn't match copy in library 'Device'
    ; warning
    @(165.10 mm, 157.48 mm): Symbol C19 [C]
[lib_symbol_mismatch]: Symbol 'C' doesn't match copy in library 'Device'
    ; warning
    @(165.10 mm, 165.10 mm): Symbol C18 [C]
[lib_symbol_mismatch]: Symbol 'C' doesn't match copy in library 'Device'
    ; warning
    @(171.45 mm, 95.25 mm): Symbol C1 [C]
[lib_symbol_mismatch]: Symbol 'C' doesn't match copy in library 'Device'
    ; warning
    @(171.45 mm, 95.25 mm): Symbol C20 [C]
[lib_symbol_mismatch]: Symbol 'MCP2562-E-SN' doesn't match copy in library 'Interface_CAN_LIN'
    ; warning
    @(149.86 mm, 106.68 mm): Symbol U8 [MCP2562-E-SN]
[endpoint_off_grid]: Symbol pin or wire end off connection grid
    ; warning
    @(119.38 mm, 160.27 mm): Symbol R32 Pin 1 [Passive, Line]
[lib_symbol_mismatch]: Symbol 'R' doesn't match copy in library 'Device'
    ; warning
    @(119.38 mm, 164.08 mm): Symbol R32 [R]
[endpoint_off_grid]: Symbol pin or wire end off connection grid
    ; warning
    @(119.38 mm, 167.89 mm): Symbol #PWR050 Pin 1 [Power input, Line]
[endpoint_off_grid]: Symbol pin or wire end off connection grid
    ; warning
    @(119.38 mm, 215.14 mm): Symbol C30 Pin 1 [Passive, Line]
[lib_symbol_mismatch]: Symbol 'C' doesn't match copy in library 'Device'
    ; warning
    @(119.38 mm, 218.95 mm): Symbol C30 [C]
[endpoint_off_grid]: Symbol pin or wire end off connection grid
    ; warning
    @(119.38 mm, 222.76 mm): Symbol #PWR047 Pin 1 [Power input, Line]
[lib_symbol_mismatch]: Symbol 'R' doesn't match copy in library 'Device'
    ; warning
    @(119.38 mm, 246.38 mm): Symbol R34 [R]
[endpoint_off_grid]: Symbol pin or wire end off connection grid
    ; warning
    @(126.36 mm, 132.84 mm): Symbol R35 Pin 1 [Passive, Line]
[lib_symbol_mismatch]: Symbol 'R' doesn't match copy in library 'Device'
    ; warning
    @(126.36 mm, 136.65 mm): Symbol R35 [R]
[endpoint_off_grid]: Symbol pin or wire end off connection grid
    ; warning
    @(126.36 mm, 215.14 mm): Symbol R38 Pin 1 [Passive, Line]
[lib_symbol_mismatch]: Symbol 'R' doesn't match copy in library 'Device'
    ; warning
    @(126.36 mm, 218.95 mm): Symbol R38 [R]
[endpoint_off_grid]: Symbol pin or wire end off connection grid
    ; warning
    @(126.36 mm, 222.76 mm): Symbol #PWR053 Pin 1 [Power input, Line]
[endpoint_off_grid]: Symbol pin or wire end off connection grid
    ; warning
    @(127.30 mm, 132.84 mm): Symbol C31 Pin 1 [Passive, Line]
[lib_symbol_mismatch]: Symbol 'C' doesn't match copy in library 'Device'
    ; warning
    @(127.30 mm, 136.65 mm): Symbol C31 [C]
[endpoint_off_grid]: Symbol pin or wire end off connection grid
    ; warning
    @(127.30 mm, 140.46 mm): Symbol #PWR048 Pin 1 [Power input, Line]
[endpoint_off_grid]: Symbol pin or wire end off connection grid
    ; warning
    @(127.30 mm, 187.71 mm): Symbol C28 Pin 1 [Passive, Line]
[lib_symbol_mismatch]: Symbol 'C' doesn't match copy in library 'Device'
    ; warning
    @(127.30 mm, 191.52 mm): Symbol C28 [C]
[endpoint_off_grid]: Symbol pin or wire end off connection grid
    ; warning
    @(127.30 mm, 195.33 mm): Symbol #PWR045 Pin 1 [Power input, Line]
[endpoint_off_grid]: Symbol pin or wire end off connection grid
    ; warning
    @(133.34 mm, 132.84 mm): Symbol R33 Pin 1 [Passive, Line]
[lib_symbol_mismatch]: Symbol 'R' doesn't match copy in library 'Device'
    ; warning
    @(133.34 mm, 136.65 mm): Symbol R33 [R]
[endpoint_off_grid]: Symbol pin or wire end off connection grid
    ; warning
    @(133.34 mm, 242.57 mm): Symbol R36 Pin 1 [Passive, Line]
[lib_symbol_mismatch]: Symbol 'R' doesn't match copy in library 'Device'
    ; warning
    @(133.34 mm, 246.38 mm): Symbol R36 [R]
[endpoint_off_grid]: Symbol pin or wire end off connection grid
    ; warning
    @(133.34 mm, 250.19 mm): Symbol #PWR052 Pin 1 [Power input, Line]
[endpoint_off_grid]: Symbol pin or wire end off connection grid
    ; warning
    @(135.23 mm, 105.41 mm): Symbol C29 Pin 1 [Passive, Line]
[lib_symbol_mismatch]: Symbol 'C' doesn't match copy in library 'Device'
    ; warning
    @(135.23 mm, 109.22 mm): Symbol C29 [C]
[endpoint_off_grid]: Symbol pin or wire end off connection grid
    ; warning
    @(135.23 mm, 113.03 mm): Symbol #PWR046 Pin 1 [Power input, Line]
[endpoint_off_grid]: Symbol pin or wire end off connection grid
    ; warning
    @(140.32 mm, 132.84 mm): Symbol R37 Pin 1 [Passive, Line]
[lib_symbol_mismatch]: Symbol 'R' doesn't match copy in library 'Device'
    ; warning
    @(140.32 mm, 136.65 mm): Symbol R37 [R]
[lib_symbol_mismatch]: Symbol 'C' doesn't match copy in library 'Device'
    ; warning
    @(226.06 mm, 186.69 mm): Symbol C15 [C]
[lib_symbol_mismatch]: Symbol 'DRV8871DDA' doesn't match copy in library 'Driver_Motor'
    ; warning
    @(226.06 mm, 200.66 mm): Symbol U2 [DRV8871DDA]
[lib_symbol_mismatch]: Symbol 'R' doesn't match copy in library 'Device'
    ; warning
    @(240.03 mm, 205.74 mm): Symbol R3 [R]
[lib_symbol_mismatch]: Symbol 'C' doesn't match copy in library 'Device'
    ; warning
    @(279.40 mm, 49.53 mm): Symbol C13 [C]
[lib_symbol_mismatch]: Symbol 'DRV8871DDA' doesn't match copy in library 'Driver_Motor'
    ; warning
    @(279.40 mm, 63.50 mm): Symbol U4 [DRV8871DDA]
[lib_symbol_mismatch]: Symbol 'C' doesn't match copy in library 'Device'
    ; warning
    @(279.40 mm, 140.97 mm): Symbol C12 [C]
[lib_symbol_mismatch]: Symbol 'DRV8871DDA' doesn't match copy in library 'Driver_Motor'
    ; warning
    @(279.40 mm, 154.94 mm): Symbol U5 [DRV8871DDA]
[lib_symbol_mismatch]: Symbol 'C' doesn't match copy in library 'Device'
    ; warning
    @(279.40 mm, 186.69 mm): Symbol C14 [C]
[lib_symbol_mismatch]: Symbol 'DRV8871DDA' doesn't match copy in library 'Driver_Motor'
    ; warning
    @(279.40 mm, 200.66 mm): Symbol U3 [DRV8871DDA]
[lib_symbol_mismatch]: Symbol 'R' doesn't match copy in library 'Device'
    ; warning
    @(293.37 mm, 68.58 mm): Symbol R5 [R]
[lib_symbol_mismatch]: Symbol 'R' doesn't match copy in library 'Device'
    ; warning
    @(293.37 mm, 160.02 mm): Symbol R6 [R]
[lib_symbol_mismatch]: Symbol 'R' doesn't match copy in library 'Device'
    ; warning
    @(293.37 mm, 205.74 mm): Symbol R4 [R]
[endpoint_off_grid]: Symbol pin or wire end off connection grid
    ; warning
    @(82.55 mm, 223.93 mm): Symbol SW2 Pin 1 [1, Passive, Line]
[endpoint_off_grid]: Symbol pin or wire end off connection grid
    ; warning
    @(87.63 mm, 105.66 mm): Symbol R24 Pin 1 [Passive, Line]
[lib_symbol_mismatch]: Symbol 'R' doesn't match copy in library 'Device'
    ; warning
    @(87.63 mm, 109.47 mm): Symbol R24 [R]
[endpoint_off_grid]: Symbol pin or wire end off connection grid
    ; warning
    @(87.63 mm, 131.57 mm): Symbol R22 Pin 1 [Passive, Line]
[lib_symbol_mismatch]: Symbol 'R' doesn't match copy in library 'Device'
    ; warning
    @(87.63 mm, 135.38 mm): Symbol R22 [R]
[endpoint_off_grid]: Symbol pin or wire end off connection grid
    ; warning
    @(87.63 mm, 191.01 mm): Symbol C32 Pin 1 [Passive, Line]
[lib_symbol_mismatch]: Symbol 'C' doesn't match copy in library 'Device'
    ; warning
    @(87.63 mm, 194.82 mm): Symbol C32 [C]
[endpoint_off_grid]: Symbol pin or wire end off connection grid
    ; warning
    @(87.63 mm, 198.63 mm): Symbol #PWR020 Pin 1 [Power input, Line]
[endpoint_off_grid]: Symbol pin or wire end off connection grid
    ; warning
    @(87.63 mm, 209.30 mm): Symbol R7 Pin 1 [Passive, Line]
[lib_symbol_mismatch]: Symbol 'R' doesn't match copy in library 'Device'
    ; warning
    @(87.63 mm, 213.11 mm): Symbol R7 [R]
[footprint_link_issues]: Footprint 'SW_Push_1P1T_NO_6x6mm_H7.0mm' not found in library 'Button_Switch_THT'
    ; warning
    @(87.63 mm, 223.93 mm): Symbol SW2 [SW_Push]
[lib_symbol_mismatch]: Symbol 'SW_Push' doesn't match copy in library 'Switch'
    ; warning
    @(87.63 mm, 223.93 mm): Symbol SW2 [SW_Push]
[lib_symbol_mismatch]: Symbol 'C' doesn't match copy in library 'Device'
    ; warning
    @(87.63 mm, 267.97 mm): Symbol C22 [C]
[endpoint_off_grid]: Symbol pin or wire end off connection grid
    ; warning
    @(92.71 mm, 223.93 mm): Symbol #PWR025 Pin 1 [Power input, Line]
[endpoint_off_grid]: Symbol pin or wire end off connection grid
    ; warning
    @(94.61 mm, 20.32 mm): Symbol R10 Pin 1 [Passive, Line]
[lib_symbol_mismatch]: Symbol 'R' doesn't match copy in library 'Device'
    ; warning
    @(94.61 mm, 24.13 mm): Symbol R10 [R]
[endpoint_off_grid]: Symbol pin or wire end off connection grid
    ; warning
    @(94.61 mm, 99.57 mm): Symbol R8 Pin 1 [Passive, Line]
[lib_symbol_mismatch]: Symbol 'R' doesn't match copy in library 'Device'
    ; warning
    @(94.61 mm, 103.38 mm): Symbol R8 [R]
[endpoint_off_grid]: Symbol pin or wire end off connection grid
    ; warning
    @(94.61 mm, 154.43 mm): Symbol R40 Pin 1 [Passive, Line]
[lib_symbol_mismatch]: Symbol 'R' doesn't match copy in library 'Device'
    ; warning
    @(94.61 mm, 158.24 mm): Symbol R40 [R]
[endpoint_off_grid]: Symbol pin or wire end off connection grid
    ; warning
    @(94.61 mm, 162.05 mm): Symbol #PWR023 Pin 1 [Power input, Line]
[endpoint_off_grid]: Symbol pin or wire end off connection grid
    ; warning
    @(94.61 mm, 264.16 mm): Symbol R39 Pin 1 [Passive, Line]
[lib_symbol_mismatch]: Symbol 'R' doesn't match copy in library 'Device'
    ; warning
    @(94.61 mm, 267.97 mm): Symbol R39 [R]
[endpoint_off_grid]: Symbol pin or wire end off connection grid
    ; warning
    @(95.55 mm, 197.10 mm): Symbol C24 Pin 1 [Passive, Line]
[lib_symbol_mismatch]: Symbol 'C' doesn't match copy in library 'Device'
    ; warning
    @(95.55 mm, 200.91 mm): Symbol C24 [C]
[endpoint_off_grid]: Symbol pin or wire end off connection grid
    ; warning
    @(95.55 mm, 204.72 mm): Symbol #PWR019 Pin 1 [Power input, Line]
[endpoint_off_grid]: Symbol pin or wire end off connection grid
    ; warning
    @(101.59 mm, 264.16 mm): Symbol R9 Pin 1 [Passive, Line]
[lib_symbol_mismatch]: Symbol 'R' doesn't match copy in library 'Device'
    ; warning
    @(101.59 mm, 267.97 mm): Symbol R9 [R]
[endpoint_off_grid]: Symbol pin or wire end off connection grid
    ; warning
    @(115.55 mm, 131.57 mm): Symbol R12 Pin 1 [Passive, Line]
[lib_symbol_mismatch]: Symbol 'R' doesn't match copy in library 'Device'
    ; warning
    @(115.55 mm, 135.38 mm): Symbol R12 [R]
[endpoint_off_grid]: Symbol pin or wire end off connection grid
    ; warning
    @(115.55 mm, 226.06 mm): Symbol R11 Pin 1 [Passive, Line]
[lib_symbol_mismatch]: Symbol 'R' doesn't match copy in library 'Device'
    ; warning
    @(115.55 mm, 229.87 mm): Symbol R11 [R]
[endpoint_off_grid]: Symbol pin or wire end off connection grid
    ; warning
    @(115.55 mm, 264.16 mm): Symbol R23 Pin 1 [Passive, Line]
[lib_symbol_mismatch]: Symbol 'R' doesn't match copy in library 'Device'
    ; warning
    @(115.55 mm, 267.97 mm): Symbol R23 [R]
[endpoint_off_grid]: Symbol pin or wire end off connection grid
    ; warning
    @(119.33 mm, 191.01 mm): Symbol C23 Pin 1 [Passive, Line]
[lib_symbol_mismatch]: Symbol 'C' doesn't match copy in library 'Device'
    ; warning
    @(119.33 mm, 194.82 mm): Symbol C23 [C]
[endpoint_off_grid]: Symbol pin or wire end off connection grid
    ; warning
    @(119.33 mm, 198.63 mm): Symbol #PWR018 Pin 1 [Power input, Line]
[endpoint_off_grid]: Symbol pin or wire end off connection grid
    ; warning
    @(120.65 mm, 259.16 mm): Symbol SW6 Pin 1 [1, Passive, Line]
[footprint_link_issues]: Footprint 'SW_Push_1P1T_NO_6x6mm_H7.0mm' not found in library 'Button_Switch_THT'
    ; warning
    @(125.73 mm, 259.16 mm): Symbol SW6 [SW_Push]
[lib_symbol_mismatch]: Symbol 'SW_Push' doesn't match copy in library 'Switch'
    ; warning
    @(125.73 mm, 259.16 mm): Symbol SW6 [SW_Push]
[endpoint_off_grid]: Symbol pin or wire end off connection grid
    ; warning
    @(130.81 mm, 259.16 mm): Symbol #PWR029 Pin 1 [Power input, Line]
[endpoint_off_grid]: Symbol pin or wire end off connection grid
    ; warning
    @(140.46 mm, 255.23 mm): Symbol J4 Pin 1 [Pin_1, Passive, Line]
[endpoint_off_grid]: Symbol pin or wire end off connection grid
    ; warning
    @(140.46 mm, 257.77 mm): Symbol #PWR022 Pin 1 [Power input, Line]
[endpoint_off_grid]: Symbol pin or wire end off connection grid
    ; warning
    @(143.51 mm, 204.27 mm): Symbol J3 Pin 1 [Pin_1, Passive, Line]
[endpoint_off_grid]: Symbol pin or wire end off connection grid
    ; warning
    @(143.51 mm, 206.81 mm): Symbol #PWR021 Pin 1 [Power input, Line]
[lib_symbol_mismatch]: Symbol 'Conn_01x02' doesn't match copy in library 'Connector_Generic'
    ; warning
    @(145.54 mm, 255.23 mm): Symbol J4 [Conn_01x02]
[lib_symbol_mismatch]: Symbol 'Conn_01x02' doesn't match copy in library 'Connector_Generic'
    ; warning
    @(148.59 mm, 204.27 mm): Symbol J3 [Conn_01x02]
[endpoint_off_grid]: Symbol pin or wire end off connection grid
    ; warning
    @(152.65 mm, 232.74 mm): Symbol SW3 Pin 1 [1, Passive, Line]
[footprint_link_issues]: Footprint 'SW_Push_1P1T_NO_6x6mm_H7.0mm' not found in library 'Button_Switch_THT'
    ; warning
    @(157.73 mm, 232.74 mm): Symbol SW3 [SW_Push]
[lib_symbol_mismatch]: Symbol 'SW_Push' doesn't match copy in library 'Switch'
    ; warning
    @(157.73 mm, 232.74 mm): Symbol SW3 [SW_Push]
[endpoint_off_grid]: Symbol pin or wire end off connection grid
    ; warning
    @(162.81 mm, 232.74 mm): Symbol #PWR026 Pin 1 [Power input, Line]
[endpoint_off_grid]: Symbol pin or wire end off connection grid
    ; warning
    @(178.56 mm, 241.54 mm): Symbol SW5 Pin 1 [1, Passive, Line]
[endpoint_off_grid]: Symbol pin or wire end off connection grid
    ; warning
    @(180.09 mm, 241.54 mm): Symbol SW1 Pin 1 [1, Passive, Line]
[endpoint_off_grid]: Symbol pin or wire end off connection grid
    ; warning
    @(181.36 mm, 248.58 mm): Symbol LED2 Pin 1 [K, Passive, Line]
[footprint_link_issues]: Footprint 'SW_Push_1P1T_NO_6x6mm_H7.0mm' not found in library 'Button_Switch_THT'
    ; warning
    @(183.64 mm, 241.54 mm): Symbol SW5 [SW_Push]
[lib_symbol_mismatch]: Symbol 'SW_Push' doesn't match copy in library 'Switch'
    ; warning
    @(183.64 mm, 241.54 mm): Symbol SW5 [SW_Push]
[footprint_link_issues]: Footprint 'SW_Push_1P1T_NO_6x6mm_H7.0mm' not found in library 'Button_Switch_THT'
    ; warning
    @(185.17 mm, 241.54 mm): Symbol SW1 [SW_Push]
[lib_symbol_mismatch]: Symbol 'SW_Push' doesn't match copy in library 'Switch'
    ; warning
    @(185.17 mm, 241.54 mm): Symbol SW1 [SW_Push]
[lib_symbol_mismatch]: Symbol 'LED' doesn't match copy in library 'Device'
    ; warning
    @(185.17 mm, 248.58 mm): Symbol LED2 [LED]
[endpoint_off_grid]: Symbol pin or wire end off connection grid
    ; warning
    @(188.72 mm, 241.54 mm): Symbol #PWR028 Pin 1 [Power input, Line]
[endpoint_off_grid]: Symbol pin or wire end off connection grid
    ; warning
    @(190.25 mm, 241.54 mm): Symbol #PWR024 Pin 1 [Power input, Line]
[endpoint_off_grid]: Symbol pin or wire end off connection grid
    ; warning
    @(210.57 mm, 267.97 mm): Symbol SW4 Pin 1 [1, Passive, Line]
[footprint_link_issues]: Footprint 'SW_Push_1P1T_NO_6x6mm_H7.0mm' not found in library 'Button_Switch_THT'
    ; warning
    @(215.65 mm, 267.97 mm): Symbol SW4 [SW_Push]
[lib_symbol_mismatch]: Symbol 'SW_Push' doesn't match copy in library 'Switch'
    ; warning
    @(215.65 mm, 267.97 mm): Symbol SW4 [SW_Push]
[endpoint_off_grid]: Symbol pin or wire end off connection grid
    ; warning
    @(220.73 mm, 267.97 mm): Symbol #PWR027 Pin 1 [Power input, Line]
[endpoint_off_grid]: Symbol pin or wire end off connection grid
    ; warning
    @(230.12 mm, 219.51 mm): Symbol LED3 Pin 1 [K, Passive, Line]
[lib_symbol_mismatch]: Symbol 'LED' doesn't match copy in library 'Device'
    ; warning
    @(233.93 mm, 219.51 mm): Symbol LED3 [LED]
[endpoint_off_grid]: Symbol pin or wire end off connection grid
    ; warning
    @(248.41 mm, 248.58 mm): Symbol LED6 Pin 1 [K, Passive, Line]
[lib_symbol_mismatch]: Symbol 'LED' doesn't match copy in library 'Device'
    ; warning
    @(252.22 mm, 248.58 mm): Symbol LED6 [LED]
[endpoint_off_grid]: Symbol pin or wire end off connection grid
    ; warning
    @(254.51 mm, 229.20 mm): Symbol LED5 Pin 1 [K, Passive, Line]
[lib_symbol_mismatch]: Symbol 'LED' doesn't match copy in library 'Device'
    ; warning
    @(258.32 mm, 229.20 mm): Symbol LED5 [LED]
[endpoint_off_grid]: Symbol pin or wire end off connection grid
    ; warning
    @(275.84 mm, 258.28 mm): Symbol LED4 Pin 1 [K, Passive, Line]
[lib_symbol_mismatch]: Symbol 'LED' doesn't match copy in library 'Device'
    ; warning
    @(279.65 mm, 258.28 mm): Symbol LED4 [LED]
[endpoint_off_grid]: Symbol pin or wire end off connection grid
    ; warning
    @(312.42 mm, 229.20 mm): Symbol LED1 Pin 1 [K, Passive, Line]
[lib_symbol_mismatch]: Symbol 'LED' doesn't match copy in library 'Device'
    ; warning
    @(316.23 mm, 229.20 mm): Symbol LED1 [LED]

***** Sheet /ROOT/
[pin_not_connected]: Pin not connected
    ; error
    @(209.55 mm, 137.16 mm): Symbol U1 Pin 5 [PD0, Bidirectional, Line]
[pin_not_connected]: Pin not connected
    ; error
    @(209.55 mm, 139.70 mm): Symbol U1 Pin 6 [PD1, Bidirectional, Line]
[pin_not_connected]: Pin not connected
    ; error
    @(209.55 mm, 142.24 mm): Symbol U1 Pin 54 [PD2, Bidirectional, Line]
[pin_not_connected]: Pin not connected
    ; error
    @(209.55 mm, 149.86 mm): Symbol U1 Pin 9 [PC1, Bidirectional, Line]
[pin_not_connected]: Pin not connected
    ; error
    @(209.55 mm, 157.48 mm): Symbol U1 Pin 24 [PC4, Bidirectional, Line]
[pin_not_connected]: Pin not connected
    ; error
    @(209.55 mm, 160.02 mm): Symbol U1 Pin 25 [PC5, Bidirectional, Line]
[pin_not_connected]: Pin not connected
    ; error
    @(209.55 mm, 162.56 mm): Symbol U1 Pin 37 [PC6, Bidirectional, Line]
[pin_not_connected]: Pin not connected
    ; error
    @(209.55 mm, 165.10 mm): Symbol U1 Pin 38 [PC7, Bidirectional, Line]
[pin_not_connected]: Pin not connected
    ; error
    @(209.55 mm, 167.64 mm): Symbol U1 Pin 39 [PC8, Bidirectional, Line]
[pin_not_connected]: Pin not connected
    ; error
    @(209.55 mm, 170.18 mm): Symbol U1 Pin 40 [PC9, Bidirectional, Line]
[pin_not_connected]: Pin not connected
    ; error
    @(209.55 mm, 172.72 mm): Symbol U1 Pin 51 [PC10, Bidirectional, Line]
[pin_not_connected]: Pin not connected
    ; error
    @(209.55 mm, 175.26 mm): Symbol U1 Pin 52 [PC11, Bidirectional, Line]
[pin_not_connected]: Pin not connected
    ; error
    @(209.55 mm, 177.80 mm): Symbol U1 Pin 53 [PC12, Bidirectional, Line]
[power_pin_not_driven]: Input Power pin not driven by any Output Power pins
    ; error
    @(222.25 mm, 119.38 mm): Symbol U1 Pin 1 [VBAT, Power input, Line]
[power_pin_not_driven]: Input Power pin not driven by any Output Power pins
    ; error
    @(234.95 mm, 119.38 mm): Symbol U1 Pin 13 [VDDA, Power input, Line]

***** Sheet /ROOT/SHEET_SEN_SOLAR/

***** Sheet /ROOT/SHEET_BACKLIGHT/

***** Sheet /ROOT/SHEET_SEN_CABIN/

***** Sheet /ROOT/SHEET_SEN_HEAT/

***** Sheet /ROOT/SHEET_SEN_COND/

***** Sheet /ROOT/SHEET_OUT/

***** Sheet /ROOT/SHEET_PWR/
[pin_not_connected]: Pin not connected
    ; error
    @(143.51 mm, 39.37 mm): Symbol J1 Pin 32 [Pin_32, Passive, Line]
[pin_not_connected]: Pin not connected
    ; error
    @(143.51 mm, 41.91 mm): Symbol J1 Pin 30 [Pin_30, Passive, Line]
[pin_not_connected]: Pin not connected
    ; error
    @(143.51 mm, 44.45 mm): Symbol J1 Pin 28 [Pin_28, Passive, Line]
[pin_to_pin]: Pins of type Power output and Power output are connected
    ; error
    @(152.40 mm, 95.25 mm): Symbol U6 Pin 3 [VO, Power output, Line]
    @(172.72 mm, 146.05 mm): Symbol U7 Pin 2 [VO, Power output, Line]
[pin_not_connected]: Pin not connected
    ; error
    @(156.21 mm, 39.37 mm): Symbol J1 Pin 31 [Pin_31, Passive, Line]
[pin_not_connected]: Pin not connected
    ; error
    @(156.21 mm, 41.91 mm): Symbol J1 Pin 29 [Pin_29, Passive, Line]
[pin_not_connected]: Pin not connected
    ; error
    @(156.21 mm, 44.45 mm): Symbol J1 Pin 27 [Pin_27, Passive, Line]
[multiple_net_names]: Both VCC_5V and GND are attached to the same items; VCC_5V will be used in the netlist
    ; warning
    @(152.40 mm, 95.25 mm): Global Label 'VCC_5V'
    @(172.72 mm, 146.05 mm): Symbol #PWR016 Pin 1 [Power input, Line]

***** Sheet /ROOT/SHEET_CAN/

***** Sheet /ROOT/SHEET_ACT/
[power_pin_not_driven]: Input Power pin not driven by any Output Power pins
    ; error
    @(226.06 mm, 190.50 mm): Symbol U2 Pin 5 [VM, Power input, Line]

***** Sheet /ROOT/SHEET_UI/

 ** ERC messages: 264  Errors 23  Warnings 241

 ** Ignored checks:
    - Global label only appears once in the schematic
    - Four connection points are joined together
    - SPICE model issue
    - Assigned footprint doesn't match footprint filters
