17:53:34 | DEBUG   | eda.stub               | [root] [-] [X_PWR] [X_PWR:VCC_12V] plan_stub X_PWR:VCC_12V direction=right outward_symbol=right rotation=0 mirror=None pin_mm=(3.81,171.45) pin_cell=Cell(col=3, row=135)
17:53:34 | DEBUG   | eda.stub               | [root] [-] [X_PWR] [X_PWR:VCC_12V] stub_found pin=X_PWR:VCC_12V tip=Cell(col=19, row=135) tip_mm=(24.13,171.45) extra=0 cells=1
17:53:34 | DEBUG   | eda.stub               | [root] [-] [X_SEN_CABIN] [X_SEN_CABIN:VCC_12V] plan_stub X_SEN_CABIN:VCC_12V direction=right outward_symbol=right rotation=0 mirror=None pin_mm=(287.02,33.02) pin_cell=Cell(col=226, row=26)
17:53:34 | DEBUG   | eda.stub               | [root] [-] [X_SEN_CABIN] [X_SEN_CABIN:VCC_12V] stub_found pin=X_SEN_CABIN:VCC_12V tip=Cell(col=242, row=26) tip_mm=(307.34,33.02) extra=0 cells=1
17:53:34 | DEBUG   | eda.stub               | [root] [-] [X_OUT] [X_OUT:VCC_12V] plan_stub X_OUT:VCC_12V direction=right outward_symbol=right rotation=0 mirror=None pin_mm=(191.77,30.48) pin_cell=Cell(col=151, row=24)
17:53:34 | DEBUG   | eda.stub               | [root] [-] [X_OUT] [X_OUT:VCC_12V] stub_found pin=X_OUT:VCC_12V tip=Cell(col=167, row=24) tip_mm=(212.09,30.48) extra=0 cells=1
17:53:34 | DEBUG   | eda.stub               | [root] [-] [X_ACT] [X_ACT:VCC_12V] plan_stub X_ACT:VCC_12V direction=right outward_symbol=right rotation=0 mirror=None pin_mm=(85.09,6.35) pin_cell=Cell(col=67, row=5)
17:53:34 | DEBUG   | eda.stub               | [root] [-] [X_ACT] [X_ACT:VCC_12V] stub_found pin=X_ACT:VCC_12V tip=Cell(col=83, row=5) tip_mm=(105.41,6.35) extra=0 cells=1
17:53:34 | DEBUG   | eda.stub               | [root] [-] [X_PWR] [X_PWR:VCC_12V] plan_stub X_PWR:VCC_12V direction=right outward_symbol=right rotation=0 mirror=None pin_mm=(3.81,171.45) pin_cell=Cell(col=3, row=135)
17:53:34 | ERROR   | eda.stub               | [root] [-] [X_PWR] [X_PWR:VCC_12V] stub_max_extra_exceeded limit=20 pin=X_PWR:VCC_12V tip=Cell(col=40, row=135)
17:53:34 | ERROR   | eda.stub               | [root] [-] [X_PWR] [X_PWR:VCC_12V] stub_failed reason=max_extra_exceeded pin=X_PWR:VCC_12V pin_mm=(3.81,171.45) cell=Cell(col=3, row=135)
17:53:34 | DEBUG   | eda.stub               | [root] [-] [X_SEN_CABIN] [X_SEN_CABIN:VCC_12V] plan_stub X_SEN_CABIN:VCC_12V direction=right outward_symbol=right rotation=0 mirror=None pin_mm=(287.02,33.02) pin_cell=Cell(col=226, row=26)
17:53:34 | DEBUG   | eda.stub               | [root] [-] [X_SEN_CABIN] [X_SEN_CABIN:VCC_12V] stub_found pin=X_SEN_CABIN:VCC_12V tip=Cell(col=243, row=26) tip_mm=(308.61,33.02) extra=1 cells=2
17:53:34 | DEBUG   | eda.stub               | [root] [-] [X_OUT] [X_OUT:VCC_12V] plan_stub X_OUT:VCC_12V direction=right outward_symbol=right rotation=0 mirror=None pin_mm=(191.77,30.48) pin_cell=Cell(col=151, row=24)
17:53:34 | ERROR   | eda.stub               | [root] [-] [X_OUT] [X_OUT:VCC_12V] stub_max_extra_exceeded limit=20 pin=X_OUT:VCC_12V tip=Cell(col=188, row=24)
17:53:34 | ERROR   | eda.stub               | [root] [-] [X_OUT] [X_OUT:VCC_12V] stub_failed reason=max_extra_exceeded pin=X_OUT:VCC_12V pin_mm=(191.77,30.48) cell=Cell(col=151, row=24)
17:53:34 | DEBUG   | eda.stub               | [root] [-] [X_ACT] [X_ACT:VCC_12V] plan_stub X_ACT:VCC_12V direction=right outward_symbol=right rotation=0 mirror=None pin_mm=(85.09,6.35) pin_cell=Cell(col=67, row=5)
17:53:34 | ERROR   | eda.stub               | [root] [-] [X_ACT] [X_ACT:VCC_12V] stub_max_extra_exceeded limit=20 pin=X_ACT:VCC_12V tip=Cell(col=104, row=5)
17:53:34 | ERROR   | eda.stub               | [root] [-] [X_ACT] [X_ACT:VCC_12V] stub_failed reason=max_extra_exceeded pin=X_ACT:VCC_12V pin_mm=(85.09,6.35) cell=Cell(col=67, row=5)
17:53:34 | DEBUG   | eda.stub               | [root] [-] [X_CAN] [X_CAN:VCC_5V] plan_stub X_CAN:VCC_5V direction=right outward_symbol=right rotation=0 mirror=None pin_mm=(317.50,30.48) pin_cell=Cell(col=250, row=24)
17:53:34 | DEBUG   | eda.stub               | [root] [-] [X_CAN] [X_CAN:VCC_5V] stub_found pin=X_CAN:VCC_5V tip=Cell(col=266, row=24) tip_mm=(337.82,30.48) extra=0 cells=1
17:53:34 | DEBUG   | eda.stub               | [root] [-] [X_PWR] [X_PWR:VCC_5V] plan_stub X_PWR:VCC_5V direction=right outward_symbol=right rotation=0 mirror=None pin_mm=(3.81,173.99) pin_cell=Cell(col=3, row=137)
17:53:34 | DEBUG   | eda.stub               | [root] [-] [X_PWR] [X_PWR:VCC_5V] stub_found pin=X_PWR:VCC_5V tip=Cell(col=19, row=137) tip_mm=(24.13,173.99) extra=0 cells=1
17:53:35 | DEBUG   | eda.stub               | [root] [-] [X_CAN] [X_CAN:VCC_5V] plan_stub X_CAN:VCC_5V direction=right outward_symbol=right rotation=0 mirror=None pin_mm=(317.50,30.48) pin_cell=Cell(col=250, row=24)
17:53:35 | DEBUG   | eda.stub               | [root] [-] [X_CAN] [X_CAN:VCC_5V] stub_found pin=X_CAN:VCC_5V tip=Cell(col=267, row=24) tip_mm=(339.09,30.48) extra=1 cells=2
17:53:35 | DEBUG   | eda.stub               | [root] [-] [X_PWR] [X_PWR:VCC_5V] plan_stub X_PWR:VCC_5V direction=right outward_symbol=right rotation=0 mirror=None pin_mm=(3.81,173.99) pin_cell=Cell(col=3, row=137)
17:53:35 | DEBUG   | eda.stub               | [root] [-] [X_PWR] [X_PWR:VCC_5V] stub_found pin=X_PWR:VCC_5V tip=Cell(col=22, row=137) tip_mm=(27.94,173.99) extra=3 cells=4
17:53:35 | DEBUG   | eda.stub               | [root] [-] [C5] [C5:1] plan_stub C5:1 direction=up outward_symbol=up rotation=0 mirror=None pin_mm=(351.79,198.12) pin_cell=Cell(col=277, row=156)
17:53:35 | DEBUG   | eda.stub               | [root] [-] [C5] [C5:1] stub_found pin=C5:1 tip=Cell(col=277, row=155) tip_mm=(351.79,196.85) extra=0 cells=1
17:53:35 | DEBUG   | eda.stub               | [root] [-] [C6] [C6:1] plan_stub C6:1 direction=up outward_symbol=up rotation=0 mirror=None pin_mm=(327.66,198.12) pin_cell=Cell(col=258, row=156)
17:53:35 | DEBUG   | eda.stub               | [root] [-] [C6] [C6:1] stub_found pin=C6:1 tip=Cell(col=258, row=155) tip_mm=(327.66,196.85) extra=0 cells=1
17:53:35 | DEBUG   | eda.stub               | [root] [-] [C7] [C7:1] plan_stub C7:1 direction=up outward_symbol=up rotation=0 mirror=None pin_mm=(297.18,198.12) pin_cell=Cell(col=234, row=156)
17:53:35 | DEBUG   | eda.stub               | [root] [-] [C7] [C7:1] stub_found pin=C7:1 tip=Cell(col=234, row=155) tip_mm=(297.18,196.85) extra=0 cells=1
17:53:35 | DEBUG   | eda.stub               | [root] [-] [C8] [C8:1] plan_stub C8:1 direction=up outward_symbol=up rotation=0 mirror=None pin_mm=(266.70,198.12) pin_cell=Cell(col=210, row=156)
17:53:35 | DEBUG   | eda.stub               | [root] [-] [C8] [C8:1] stub_found pin=C8:1 tip=Cell(col=210, row=155) tip_mm=(266.70,196.85) extra=0 cells=1
17:53:35 | DEBUG   | eda.stub               | [root] [-] [C9] [C9:1] plan_stub C9:1 direction=up outward_symbol=up rotation=0 mirror=None pin_mm=(234.95,198.12) pin_cell=Cell(col=185, row=156)
17:53:35 | DEBUG   | eda.stub               | [root] [-] [C9] [C9:1] stub_found pin=C9:1 tip=Cell(col=185, row=155) tip_mm=(234.95,196.85) extra=0 cells=1
17:53:35 | DEBUG   | eda.stub               | [root] [-] [U1] [U1:48] plan_stub U1:48 direction=up outward_symbol=up rotation=0 mirror=None pin_mm=(97.79,153.67) pin_cell=Cell(col=77, row=121)
17:53:35 | DEBUG   | eda.stub               | [root] [-] [U1] [U1:48] stub_found pin=U1:48 tip=Cell(col=77, row=119) tip_mm=(97.79,151.13) extra=1 cells=2
17:53:36 | DEBUG   | eda.stub               | [root] [-] [U1] [U1:64] plan_stub U1:64 direction=up outward_symbol=up rotation=0 mirror=None pin_mm=(100.33,153.67) pin_cell=Cell(col=79, row=121)
17:53:36 | DEBUG   | eda.stub               | [root] [-] [U1] [U1:64] stub_found pin=U1:64 tip=Cell(col=79, row=119) tip_mm=(100.33,151.13) extra=1 cells=2
17:53:36 | DEBUG   | eda.stub               | [root] [-] [U1] [U1:1] plan_stub U1:1 direction=up outward_symbol=up rotation=0 mirror=None pin_mm=(90.17,153.67) pin_cell=Cell(col=71, row=121)
17:53:36 | DEBUG   | eda.stub               | [root] [-] [U1] [U1:1] stub_found pin=U1:1 tip=Cell(col=71, row=119) tip_mm=(90.17,151.13) extra=1 cells=2
17:53:36 | DEBUG   | eda.stub               | [root] [-] [FB1] [FB1:1] plan_stub FB1:1 direction=up outward_symbol=up rotation=0 mirror=None pin_mm=(419.10,198.12) pin_cell=Cell(col=330, row=156)
17:53:36 | DEBUG   | eda.stub               | [root] [-] [FB1] [FB1:1] stub_found pin=FB1:1 tip=Cell(col=330, row=155) tip_mm=(419.10,196.85) extra=0 cells=1
17:53:36 | DEBUG   | eda.stub               | [root] [-] [R1] [R1:1] plan_stub R1:1 direction=up outward_symbol=up rotation=0 mirror=None pin_mm=(386.08,198.12) pin_cell=Cell(col=304, row=156)
17:53:36 | DEBUG   | eda.stub               | [root] [-] [R1] [R1:1] stub_found pin=R1:1 tip=Cell(col=304, row=154) tip_mm=(386.08,195.58) extra=1 cells=2
17:53:36 | DEBUG   | eda.stub               | [root] [-] [J2] [J2:1] plan_stub J2:1 direction=up outward_symbol=up rotation=0 mirror=None pin_mm=(201.93,198.12) pin_cell=Cell(col=159, row=156)
17:53:36 | DEBUG   | eda.stub               | [root] [-] [J2] [J2:1] stub_found pin=J2:1 tip=Cell(col=159, row=155) tip_mm=(201.93,196.85) extra=0 cells=1
17:53:36 | DEBUG   | eda.stub               | [root] [-] [X_PWR] [X_PWR:VCC_3V3] plan_stub X_PWR:VCC_3V3 direction=right outward_symbol=right rotation=0 mirror=None pin_mm=(3.81,176.53) pin_cell=Cell(col=3, row=139)
17:53:36 | DEBUG   | eda.stub               | [root] [-] [X_PWR] [X_PWR:VCC_3V3] stub_found pin=X_PWR:VCC_3V3 tip=Cell(col=19, row=139) tip_mm=(24.13,176.53) extra=0 cells=1
17:53:36 | DEBUG   | eda.stub               | [root] [-] [X_UI] [X_UI:VCC_3V3] plan_stub X_UI:VCC_3V3 direction=right outward_symbol=right rotation=0 mirror=None pin_mm=(406.40,13.97) pin_cell=Cell(col=320, row=11)
17:53:36 | DEBUG   | eda.stub               | [root] [-] [X_UI] [X_UI:VCC_3V3] stub_found pin=X_UI:VCC_3V3 tip=Cell(col=340, row=11) tip_mm=(431.80,13.97) extra=0 cells=1
17:53:36 | DEBUG   | eda.stub               | [root] [-] [X_SEN_HEAT] [X_SEN_HEAT:VCC_3V3] plan_stub X_SEN_HEAT:VCC_3V3 direction=right outward_symbol=right rotation=0 mirror=None pin_mm=(375.92,33.02) pin_cell=Cell(col=296, row=26)
17:53:36 | DEBUG   | eda.stub               | [root] [-] [X_SEN_HEAT] [X_SEN_HEAT:VCC_3V3] stub_found pin=X_SEN_HEAT:VCC_3V3 tip=Cell(col=312, row=26) tip_mm=(396.24,33.02) extra=0 cells=1
17:53:36 | DEBUG   | eda.stub               | [root] [-] [U1] [U1:19] plan_stub U1:19 direction=up outward_symbol=up rotation=0 mirror=None pin_mm=(92.71,153.67) pin_cell=Cell(col=73, row=121)
17:53:36 | DEBUG   | eda.stub               | [root] [-] [U1] [U1:19] stub_found pin=U1:19 tip=Cell(col=73, row=119) tip_mm=(92.71,151.13) extra=1 cells=2
17:53:36 | DEBUG   | eda.stub               | [root] [-] [U1] [U1:32] plan_stub U1:32 direction=up outward_symbol=up rotation=0 mirror=None pin_mm=(95.25,153.67) pin_cell=Cell(col=75, row=121)
17:53:36 | DEBUG   | eda.stub               | [root] [-] [U1] [U1:32] stub_found pin=U1:32 tip=Cell(col=75, row=119) tip_mm=(95.25,151.13) extra=1 cells=2
17:53:36 | DEBUG   | eda.stub               | [root] [-] [X_PWR] [X_PWR:VCC_3V3] plan_stub X_PWR:VCC_3V3 direction=right outward_symbol=right rotation=0 mirror=None pin_mm=(3.81,176.53) pin_cell=Cell(col=3, row=139)
17:53:36 | ERROR   | eda.stub               | [root] [-] [X_PWR] [X_PWR:VCC_3V3] stub_max_extra_exceeded limit=20 pin=X_PWR:VCC_3V3 tip=Cell(col=40, row=139)
17:53:36 | ERROR   | eda.stub               | [root] [-] [X_PWR] [X_PWR:VCC_3V3] stub_failed reason=max_extra_exceeded pin=X_PWR:VCC_3V3 pin_mm=(3.81,176.53) cell=Cell(col=3, row=139)
17:53:36 | DEBUG   | eda.stub               | [root] [-] [X_UI] [X_UI:VCC_3V3] plan_stub X_UI:VCC_3V3 direction=right outward_symbol=right rotation=0 mirror=None pin_mm=(406.40,13.97) pin_cell=Cell(col=320, row=11)
17:53:36 | DEBUG   | eda.stub               | [root] [-] [X_UI] [X_UI:VCC_3V3] stub_found pin=X_UI:VCC_3V3 tip=Cell(col=341, row=11) tip_mm=(433.07,13.97) extra=1 cells=2
17:53:36 | DEBUG   | eda.stub               | [root] [-] [X_SEN_HEAT] [X_SEN_HEAT:VCC_3V3] plan_stub X_SEN_HEAT:VCC_3V3 direction=right outward_symbol=right rotation=0 mirror=None pin_mm=(375.92,33.02) pin_cell=Cell(col=296, row=26)
17:53:36 | ERROR   | eda.stub               | [root] [-] [X_SEN_HEAT] [X_SEN_HEAT:VCC_3V3] stub_blocked_by_bbox comp=X_UI pin=X_SEN_HEAT:VCC_3V3 tip=Cell(col=320, row=26)
17:53:36 | ERROR   | eda.stub               | [root] [-] [X_SEN_HEAT] [X_SEN_HEAT:VCC_3V3] stub_failed reason=foreign_bbox pin=X_SEN_HEAT:VCC_3V3 pin_mm=(375.92,33.02) cell=Cell(col=296, row=26)
17:53:36 | DEBUG   | eda.stub               | [root] [-] [FB1] [FB1:2] plan_stub FB1:2 direction=down outward_symbol=down rotation=0 mirror=None pin_mm=(419.10,205.74) pin_cell=Cell(col=330, row=162)
17:53:36 | DEBUG   | eda.stub               | [root] [-] [FB1] [FB1:2] stub_found pin=FB1:2 tip=Cell(col=330, row=163) tip_mm=(419.10,207.01) extra=0 cells=1
17:53:36 | DEBUG   | eda.stub               | [root] [-] [C10] [C10:1] plan_stub C10:1 direction=up outward_symbol=up rotation=0 mirror=None pin_mm=(364.49,198.12) pin_cell=Cell(col=287, row=156)
17:53:36 | DEBUG   | eda.stub               | [root] [-] [C10] [C10:1] stub_found pin=C10:1 tip=Cell(col=287, row=154) tip_mm=(364.49,195.58) extra=1 cells=2
17:53:36 | DEBUG   | eda.stub               | [root] [-] [U1] [U1:13] plan_stub U1:13 direction=up outward_symbol=up rotation=0 mirror=None pin_mm=(102.87,153.67) pin_cell=Cell(col=81, row=121)
17:53:36 | DEBUG   | eda.stub               | [root] [-] [U1] [U1:13] stub_found pin=U1:13 tip=Cell(col=81, row=119) tip_mm=(102.87,151.13) extra=1 cells=2
17:53:37 | DEBUG   | eda.stub               | [root] [-] [U1] [U1:47] plan_stub U1:47 direction=down outward_symbol=down rotation=0 mirror=None pin_mm=(95.25,250.19) pin_cell=Cell(col=75, row=197)
17:53:37 | DEBUG   | eda.stub               | [root] [-] [U1] [U1:47] stub_found pin=U1:47 tip=Cell(col=75, row=198) tip_mm=(95.25,251.46) extra=0 cells=1
17:53:37 | DEBUG   | eda.stub               | [root] [-] [C5] [C5:2] plan_stub C5:2 direction=down outward_symbol=down rotation=0 mirror=None pin_mm=(351.79,205.74) pin_cell=Cell(col=277, row=162)
17:53:37 | DEBUG   | eda.stub               | [root] [-] [C5] [C5:2] stub_found pin=C5:2 tip=Cell(col=277, row=163) tip_mm=(351.79,207.01) extra=0 cells=1
17:53:38 | DEBUG   | eda.stub               | [root] [-] [C6] [C6:2] plan_stub C6:2 direction=down outward_symbol=down rotation=0 mirror=None pin_mm=(327.66,205.74) pin_cell=Cell(col=258, row=162)
17:53:38 | DEBUG   | eda.stub               | [root] [-] [C6] [C6:2] stub_found pin=C6:2 tip=Cell(col=258, row=163) tip_mm=(327.66,207.01) extra=0 cells=1
17:53:38 | DEBUG   | eda.stub               | [root] [-] [C7] [C7:2] plan_stub C7:2 direction=down outward_symbol=down rotation=0 mirror=None pin_mm=(297.18,205.74) pin_cell=Cell(col=234, row=162)
17:53:38 | DEBUG   | eda.stub               | [root] [-] [C7] [C7:2] stub_found pin=C7:2 tip=Cell(col=234, row=163) tip_mm=(297.18,207.01) extra=0 cells=1
17:53:38 | DEBUG   | eda.stub               | [root] [-] [C8] [C8:2] plan_stub C8:2 direction=down outward_symbol=down rotation=0 mirror=None pin_mm=(266.70,205.74) pin_cell=Cell(col=210, row=162)
17:53:38 | DEBUG   | eda.stub               | [root] [-] [C8] [C8:2] stub_found pin=C8:2 tip=Cell(col=210, row=163) tip_mm=(266.70,207.01) extra=0 cells=1
17:53:38 | DEBUG   | eda.stub               | [root] [-] [C9] [C9:2] plan_stub C9:2 direction=down outward_symbol=down rotation=0 mirror=None pin_mm=(234.95,205.74) pin_cell=Cell(col=185, row=162)
17:53:38 | DEBUG   | eda.stub               | [root] [-] [C9] [C9:2] stub_found pin=C9:2 tip=Cell(col=185, row=163) tip_mm=(234.95,207.01) extra=0 cells=1
17:53:38 | DEBUG   | eda.stub               | [root] [-] [C10] [C10:2] plan_stub C10:2 direction=down outward_symbol=down rotation=0 mirror=None pin_mm=(364.49,205.74) pin_cell=Cell(col=287, row=162)
17:53:38 | DEBUG   | eda.stub               | [root] [-] [C10] [C10:2] stub_found pin=C10:2 tip=Cell(col=287, row=163) tip_mm=(364.49,207.01) extra=0 cells=1
17:53:38 | DEBUG   | eda.stub               | [root] [-] [C21] [C21:2] plan_stub C21:2 direction=down outward_symbol=down rotation=0 mirror=None pin_mm=(364.49,41.91) pin_cell=Cell(col=287, row=33)
17:53:38 | DEBUG   | eda.stub               | [root] [-] [C21] [C21:2] stub_found pin=C21:2 tip=Cell(col=287, row=34) tip_mm=(364.49,43.18) extra=0 cells=1
17:53:38 | DEBUG   | eda.stub               | [root] [-] [R2] [R2:2] plan_stub R2:2 direction=down outward_symbol=down rotation=0 mirror=None pin_mm=(351.79,41.91) pin_cell=Cell(col=277, row=33)
17:53:38 | DEBUG   | eda.stub               | [root] [-] [R2] [R2:2] stub_found pin=R2:2 tip=Cell(col=277, row=34) tip_mm=(351.79,43.18) extra=0 cells=1
17:53:38 | DEBUG   | eda.stub               | [root] [-] [J2] [J2:4] plan_stub J2:4 direction=down outward_symbol=down rotation=0 mirror=None pin_mm=(201.93,205.74) pin_cell=Cell(col=159, row=162)
17:53:38 | DEBUG   | eda.stub               | [root] [-] [J2] [J2:4] stub_found pin=J2:4 tip=Cell(col=159, row=163) tip_mm=(201.93,207.01) extra=0 cells=1
17:53:38 | DEBUG   | eda.stub               | [root] [-] [U1] [U1:12] plan_stub U1:12 direction=down outward_symbol=down rotation=0 mirror=None pin_mm=(97.79,250.19) pin_cell=Cell(col=77, row=197)
17:53:38 | DEBUG   | eda.stub               | [root] [-] [U1] [U1:12] stub_found pin=U1:12 tip=Cell(col=77, row=199) tip_mm=(97.79,252.73) extra=1 cells=2
17:53:38 | DEBUG   | eda.stub               | [root] [-] [X_CAN] [X_CAN:GND] plan_stub X_CAN:GND direction=right outward_symbol=right rotation=0 mirror=None pin_mm=(317.50,33.02) pin_cell=Cell(col=250, row=26)
17:53:38 | DEBUG   | eda.stub               | [root] [-] [X_CAN] [X_CAN:GND] stub_found pin=X_CAN:GND tip=Cell(col=267, row=26) tip_mm=(339.09,33.02) extra=1 cells=2
17:53:38 | DEBUG   | eda.stub               | [root] [-] [X_PWR] [X_PWR:GND] plan_stub X_PWR:GND direction=right outward_symbol=right rotation=0 mirror=None pin_mm=(3.81,179.07) pin_cell=Cell(col=3, row=141)
17:53:38 | DEBUG   | eda.stub               | [root] [-] [X_PWR] [X_PWR:GND] stub_found pin=X_PWR:GND tip=Cell(col=19, row=141) tip_mm=(24.13,179.07) extra=0 cells=1
17:53:38 | DEBUG   | eda.stub               | [root] [-] [X_UI] [X_UI:GND] plan_stub X_UI:GND direction=right outward_symbol=right rotation=0 mirror=None pin_mm=(406.40,16.51) pin_cell=Cell(col=320, row=13)
17:53:38 | DEBUG   | eda.stub               | [root] [-] [X_UI] [X_UI:GND] stub_found pin=X_UI:GND tip=Cell(col=341, row=13) tip_mm=(433.07,16.51) extra=1 cells=2
17:53:38 | DEBUG   | eda.stub               | [root] [-] [X_SEN_CABIN] [X_SEN_CABIN:GND] plan_stub X_SEN_CABIN:GND direction=right outward_symbol=right rotation=0 mirror=None pin_mm=(287.02,35.56) pin_cell=Cell(col=226, row=28)
17:53:38 | DEBUG   | eda.stub               | [root] [-] [X_SEN_CABIN] [X_SEN_CABIN:GND] stub_found pin=X_SEN_CABIN:GND tip=Cell(col=243, row=28) tip_mm=(308.61,35.56) extra=1 cells=2
17:53:38 | DEBUG   | eda.stub               | [root] [-] [X_SEN_HEAT] [X_SEN_HEAT:GND] plan_stub X_SEN_HEAT:GND direction=right outward_symbol=right rotation=0 mirror=None pin_mm=(375.92,35.56) pin_cell=Cell(col=296, row=28)
17:53:38 | DEBUG   | eda.stub               | [root] [-] [X_SEN_HEAT] [X_SEN_HEAT:GND] stub_found pin=X_SEN_HEAT:GND tip=Cell(col=312, row=28) tip_mm=(396.24,35.56) extra=0 cells=1
17:53:38 | DEBUG   | eda.stub               | [root] [-] [X_SEN_SOLAR] [X_SEN_SOLAR:GND] plan_stub X_SEN_SOLAR:GND direction=right outward_symbol=right rotation=0 mirror=None pin_mm=(256.54,34.29) pin_cell=Cell(col=202, row=27)
17:53:38 | DEBUG   | eda.stub               | [root] [-] [X_SEN_SOLAR] [X_SEN_SOLAR:GND] stub_found pin=X_SEN_SOLAR:GND tip=Cell(col=218, row=27) tip_mm=(276.86,34.29) extra=0 cells=1
17:53:38 | DEBUG   | eda.stub               | [root] [-] [X_SEN_COND] [X_SEN_COND:GND] plan_stub X_SEN_COND:GND direction=right outward_symbol=right rotation=0 mirror=None pin_mm=(224.79,34.29) pin_cell=Cell(col=177, row=27)
17:53:38 | DEBUG   | eda.stub               | [root] [-] [X_SEN_COND] [X_SEN_COND:GND] stub_found pin=X_SEN_COND:GND tip=Cell(col=193, row=27) tip_mm=(245.11,34.29) extra=0 cells=1
17:53:39 | DEBUG   | eda.stub               | [root] [-] [X_OUT] [X_OUT:GND] plan_stub X_OUT:GND direction=right outward_symbol=right rotation=0 mirror=None pin_mm=(191.77,33.02) pin_cell=Cell(col=151, row=26)
17:53:39 | DEBUG   | eda.stub               | [root] [-] [X_OUT] [X_OUT:GND] stub_found pin=X_OUT:GND tip=Cell(col=167, row=26) tip_mm=(212.09,33.02) extra=0 cells=1
17:53:39 | DEBUG   | eda.stub               | [root] [-] [X_ACT] [X_ACT:GND] plan_stub X_ACT:GND direction=right outward_symbol=right rotation=0 mirror=None pin_mm=(85.09,8.89) pin_cell=Cell(col=67, row=7)
17:53:39 | DEBUG   | eda.stub               | [root] [-] [X_ACT] [X_ACT:GND] stub_found pin=X_ACT:GND tip=Cell(col=83, row=7) tip_mm=(105.41,8.89) extra=0 cells=1
17:53:39 | DEBUG   | eda.stub               | [root] [-] [X_BACKLIGHT] [X_BACKLIGHT:GND] plan_stub X_BACKLIGHT:GND direction=right outward_symbol=right rotation=0 mirror=None pin_mm=(3.81,38.10) pin_cell=Cell(col=3, row=30)
17:53:39 | DEBUG   | eda.stub               | [root] [-] [X_BACKLIGHT] [X_BACKLIGHT:GND] stub_found pin=X_BACKLIGHT:GND tip=Cell(col=19, row=30) tip_mm=(24.13,38.10) extra=0 cells=1
17:53:39 | DEBUG   | eda.stub               | [root] [-] [X_CAN] [X_CAN:GND] plan_stub X_CAN:GND direction=right outward_symbol=right rotation=0 mirror=None pin_mm=(317.50,33.02) pin_cell=Cell(col=250, row=26)
17:53:39 | DEBUG   | eda.stub               | [root] [-] [X_CAN] [X_CAN:GND] stub_found pin=X_CAN:GND tip=Cell(col=276, row=26) tip_mm=(350.52,33.02) extra=10 cells=11
17:53:39 | DEBUG   | eda.stub               | [root] [-] [X_PWR] [X_PWR:GND] plan_stub X_PWR:GND direction=right outward_symbol=right rotation=0 mirror=None pin_mm=(3.81,179.07) pin_cell=Cell(col=3, row=141)
17:53:39 | ERROR   | eda.stub               | [root] [-] [X_PWR] [X_PWR:GND] stub_max_extra_exceeded limit=20 pin=X_PWR:GND tip=Cell(col=40, row=141)
17:53:39 | ERROR   | eda.stub               | [root] [-] [X_PWR] [X_PWR:GND] stub_failed reason=max_extra_exceeded pin=X_PWR:GND pin_mm=(3.81,179.07) cell=Cell(col=3, row=141)
17:53:39 | DEBUG   | eda.stub               | [root] [-] [X_UI] [X_UI:GND] plan_stub X_UI:GND direction=right outward_symbol=right rotation=0 mirror=None pin_mm=(406.40,16.51) pin_cell=Cell(col=320, row=13)
17:53:39 | DEBUG   | eda.stub               | [root] [-] [X_UI] [X_UI:GND] stub_found pin=X_UI:GND tip=Cell(col=344, row=13) tip_mm=(436.88,16.51) extra=4 cells=5
17:53:39 | DEBUG   | eda.stub               | [root] [-] [X_SEN_CABIN] [X_SEN_CABIN:GND] plan_stub X_SEN_CABIN:GND direction=right outward_symbol=right rotation=0 mirror=None pin_mm=(287.02,35.56) pin_cell=Cell(col=226, row=28)
17:53:39 | ERROR   | eda.stub               | [root] [-] [X_SEN_CABIN] [X_SEN_CABIN:GND] stub_blocked_by_bbox comp=X_CAN pin=X_SEN_CABIN:GND tip=Cell(col=250, row=28)
17:53:39 | ERROR   | eda.stub               | [root] [-] [X_SEN_CABIN] [X_SEN_CABIN:GND] stub_failed reason=foreign_bbox pin=X_SEN_CABIN:GND pin_mm=(287.02,35.56) cell=Cell(col=226, row=28)
17:53:39 | DEBUG   | eda.stub               | [root] [-] [X_SEN_HEAT] [X_SEN_HEAT:GND] plan_stub X_SEN_HEAT:GND direction=right outward_symbol=right rotation=0 mirror=None pin_mm=(375.92,35.56) pin_cell=Cell(col=296, row=28)
17:53:39 | DEBUG   | eda.stub               | [root] [-] [X_SEN_HEAT] [X_SEN_HEAT:GND] stub_found pin=X_SEN_HEAT:GND tip=Cell(col=315, row=28) tip_mm=(400.05,35.56) extra=3 cells=4
17:53:39 | DEBUG   | eda.stub               | [root] [-] [X_SEN_SOLAR] [X_SEN_SOLAR:GND] plan_stub X_SEN_SOLAR:GND direction=right outward_symbol=right rotation=0 mirror=None pin_mm=(256.54,34.29) pin_cell=Cell(col=202, row=27)
17:53:39 | DEBUG   | eda.stub               | [root] [-] [X_SEN_SOLAR] [X_SEN_SOLAR:GND] stub_found pin=X_SEN_SOLAR:GND tip=Cell(col=224, row=27) tip_mm=(284.48,34.29) extra=6 cells=7
17:53:39 | DEBUG   | eda.stub               | [root] [-] [X_SEN_COND] [X_SEN_COND:GND] plan_stub X_SEN_COND:GND direction=right outward_symbol=right rotation=0 mirror=None pin_mm=(224.79,34.29) pin_cell=Cell(col=177, row=27)
17:53:39 | ERROR   | eda.stub               | [root] [-] [X_SEN_COND] [X_SEN_COND:GND] stub_blocked_by_pin comp=X_SEN_SOLAR.GND pin=X_SEN_COND:GND tip=Cell(col=202, row=27)
17:53:39 | ERROR   | eda.stub               | [root] [-] [X_SEN_COND] [X_SEN_COND:GND] stub_failed reason=foreign_pin pin=X_SEN_COND:GND pin_mm=(224.79,34.29) cell=Cell(col=177, row=27)
17:53:39 | DEBUG   | eda.stub               | [root] [-] [X_OUT] [X_OUT:GND] plan_stub X_OUT:GND direction=right outward_symbol=right rotation=0 mirror=None pin_mm=(191.77,33.02) pin_cell=Cell(col=151, row=26)
17:53:39 | ERROR   | eda.stub               | [root] [-] [X_OUT] [X_OUT:GND] stub_blocked_by_bbox comp=X_SEN_COND pin=X_OUT:GND tip=Cell(col=177, row=26)
17:53:39 | ERROR   | eda.stub               | [root] [-] [X_OUT] [X_OUT:GND] stub_failed reason=foreign_bbox pin=X_OUT:GND pin_mm=(191.77,33.02) cell=Cell(col=151, row=26)
17:53:39 | DEBUG   | eda.stub               | [root] [-] [X_ACT] [X_ACT:GND] plan_stub X_ACT:GND direction=right outward_symbol=right rotation=0 mirror=None pin_mm=(85.09,8.89) pin_cell=Cell(col=67, row=7)
17:53:39 | ERROR   | eda.stub               | [root] [-] [X_ACT] [X_ACT:GND] stub_max_extra_exceeded limit=20 pin=X_ACT:GND tip=Cell(col=104, row=7)
17:53:39 | ERROR   | eda.stub               | [root] [-] [X_ACT] [X_ACT:GND] stub_failed reason=max_extra_exceeded pin=X_ACT:GND pin_mm=(85.09,8.89) cell=Cell(col=67, row=7)
17:53:39 | DEBUG   | eda.stub               | [root] [-] [X_BACKLIGHT] [X_BACKLIGHT:GND] plan_stub X_BACKLIGHT:GND direction=right outward_symbol=right rotation=0 mirror=None pin_mm=(3.81,38.10) pin_cell=Cell(col=3, row=30)
17:53:39 | ERROR   | eda.stub               | [root] [-] [X_BACKLIGHT] [X_BACKLIGHT:GND] stub_max_extra_exceeded limit=20 pin=X_BACKLIGHT:GND tip=Cell(col=40, row=30)
17:53:39 | ERROR   | eda.stub               | [root] [-] [X_BACKLIGHT] [X_BACKLIGHT:GND] stub_failed reason=max_extra_exceeded pin=X_BACKLIGHT:GND pin_mm=(3.81,38.10) cell=Cell(col=3, row=30)
17:53:39 | DEBUG   | eda.stub               | [root] [-] [U1] [U1:7] plan_stub U1:7 direction=left outward_symbol=left rotation=0 mirror=None pin_mm=(77.47,161.29) pin_cell=Cell(col=61, row=127)
17:53:39 | DEBUG   | eda.stub               | [root] [-] [U1] [U1:7] stub_found pin=U1:7 tip=Cell(col=59, row=127) tip_mm=(74.93,161.29) extra=1 cells=2
17:53:39 | DEBUG   | eda.stub               | [root] [-] [R1] [R1:2] plan_stub R1:2 direction=down outward_symbol=down rotation=0 mirror=None pin_mm=(386.08,205.74) pin_cell=Cell(col=304, row=162)
17:53:39 | DEBUG   | eda.stub               | [root] [-] [R1] [R1:2] stub_found pin=R1:2 tip=Cell(col=304, row=164) tip_mm=(386.08,208.28) extra=1 cells=2
17:53:40 | DEBUG   | eda.stub               | [root] [-] [C21] [C21:1] plan_stub C21:1 direction=up outward_symbol=up rotation=0 mirror=None pin_mm=(364.49,34.29) pin_cell=Cell(col=287, row=27)
17:53:40 | DEBUG   | eda.stub               | [root] [-] [C21] [C21:1] stub_found pin=C21:1 tip=Cell(col=287, row=26) tip_mm=(364.49,33.02) extra=0 cells=1
17:53:40 | DEBUG   | eda.stub               | [root] [-] [R2] [R2:1] plan_stub R2:1 direction=up outward_symbol=up rotation=0 mirror=None pin_mm=(351.79,34.29) pin_cell=Cell(col=277, row=27)
17:53:40 | DEBUG   | eda.stub               | [root] [-] [R2] [R2:1] stub_found pin=R2:1 tip=Cell(col=277, row=26) tip_mm=(351.79,33.02) extra=0 cells=1
17:53:40 | DEBUG   | eda.stub               | [root] [-] [U1] [U1:60] plan_stub U1:60 direction=left outward_symbol=left rotation=0 mirror=None pin_mm=(77.47,166.37) pin_cell=Cell(col=61, row=131)
17:53:40 | DEBUG   | eda.stub               | [root] [-] [U1] [U1:60] stub_found pin=U1:60 tip=Cell(col=59, row=131) tip_mm=(74.93,166.37) extra=1 cells=2
17:53:42 | DEBUG   | eda.stub               | [root] [-] [J2] [J2:2] plan_stub J2:2 direction=left outward_symbol=left rotation=0 mirror=None pin_mm=(201.93,200.66) pin_cell=Cell(col=159, row=158)
17:53:42 | DEBUG   | eda.stub               | [root] [-] [J2] [J2:2] stub_found pin=J2:2 tip=Cell(col=157, row=158) tip_mm=(199.39,200.66) extra=0 cells=1
17:53:42 | DEBUG   | eda.stub               | [root] [-] [U1] [U1:46] plan_stub U1:46 direction=right outward_symbol=right rotation=0 mirror=None pin_mm=(113.03,194.31) pin_cell=Cell(col=89, row=153)
17:53:42 | DEBUG   | eda.stub               | [root] [-] [U1] [U1:46] stub_found pin=U1:46 tip=Cell(col=90, row=153) tip_mm=(114.30,194.31) extra=0 cells=1
17:53:42 | DEBUG   | eda.stub               | [root] [-] [J2] [J2:3] plan_stub J2:3 direction=left outward_symbol=left rotation=0 mirror=None pin_mm=(201.93,203.20) pin_cell=Cell(col=159, row=160)
17:53:42 | DEBUG   | eda.stub               | [root] [-] [J2] [J2:3] stub_found pin=J2:3 tip=Cell(col=157, row=160) tip_mm=(199.39,203.20) extra=0 cells=1
17:53:42 | DEBUG   | eda.stub               | [root] [-] [U1] [U1:49] plan_stub U1:49 direction=right outward_symbol=right rotation=0 mirror=None pin_mm=(113.03,196.85) pin_cell=Cell(col=89, row=155)
17:53:42 | DEBUG   | eda.stub               | [root] [-] [U1] [U1:49] stub_found pin=U1:49 tip=Cell(col=91, row=155) tip_mm=(115.57,196.85) extra=1 cells=2
17:53:42 | DEBUG   | eda.stub               | [root] [-] [U1] [U1:29] plan_stub U1:29 direction=right outward_symbol=right rotation=0 mirror=None pin_mm=(113.03,229.87) pin_cell=Cell(col=89, row=181)
17:53:42 | DEBUG   | eda.stub               | [root] [-] [U1] [U1:29] stub_found pin=U1:29 tip=Cell(col=90, row=181) tip_mm=(114.30,229.87) extra=0 cells=1
17:53:42 | DEBUG   | eda.stub               | [root] [-] [X_UI] [X_UI:BTN_DEFROST_GLASS] plan_stub X_UI:BTN_DEFROST_GLASS direction=left outward_symbol=left rotation=0 mirror=None pin_mm=(430.53,13.97) pin_cell=Cell(col=339, row=11)
17:53:42 | DEBUG   | eda.stub               | [root] [-] [X_UI] [X_UI:BTN_DEFROST_GLASS] stub_found pin=X_UI:BTN_DEFROST_GLASS tip=Cell(col=318, row=11) tip_mm=(403.86,13.97) extra=1 cells=2
17:53:44 | DEBUG   | eda.stub               | [root] [-] [X_UI] [X_UI:BTN_DEFROST_GLASS] plan_stub X_UI:BTN_DEFROST_GLASS direction=left outward_symbol=left rotation=0 mirror=None pin_mm=(430.53,13.97) pin_cell=Cell(col=339, row=11)
17:53:44 | DEBUG   | eda.stub               | [root] [-] [X_UI] [X_UI:BTN_DEFROST_GLASS] stub_found pin=X_UI:BTN_DEFROST_GLASS tip=Cell(col=316, row=11) tip_mm=(401.32,13.97) extra=3 cells=4
17:53:44 | DEBUG   | eda.stub               | [root] [-] [U1] [U1:30] plan_stub U1:30 direction=right outward_symbol=right rotation=0 mirror=None pin_mm=(113.03,232.41) pin_cell=Cell(col=89, row=183)
17:53:44 | DEBUG   | eda.stub               | [root] [-] [U1] [U1:30] stub_found pin=U1:30 tip=Cell(col=90, row=183) tip_mm=(114.30,232.41) extra=0 cells=1
17:53:44 | DEBUG   | eda.stub               | [root] [-] [X_UI] [X_UI:BTN_FACE] plan_stub X_UI:BTN_FACE direction=left outward_symbol=left rotation=0 mirror=None pin_mm=(430.53,16.51) pin_cell=Cell(col=339, row=13)
17:53:44 | DEBUG   | eda.stub               | [root] [-] [X_UI] [X_UI:BTN_FACE] stub_found pin=X_UI:BTN_FACE tip=Cell(col=318, row=13) tip_mm=(403.86,16.51) extra=1 cells=2
17:53:46 | DEBUG   | eda.stub               | [root] [-] [X_UI] [X_UI:BTN_FACE] plan_stub X_UI:BTN_FACE direction=left outward_symbol=left rotation=0 mirror=None pin_mm=(430.53,16.51) pin_cell=Cell(col=339, row=13)
17:53:46 | DEBUG   | eda.stub               | [root] [-] [X_UI] [X_UI:BTN_FACE] stub_found pin=X_UI:BTN_FACE tip=Cell(col=314, row=13) tip_mm=(398.78,16.51) extra=5 cells=6
17:53:46 | DEBUG   | eda.stub               | [root] [-] [U1] [U1:33] plan_stub U1:33 direction=right outward_symbol=right rotation=0 mirror=None pin_mm=(113.03,234.95) pin_cell=Cell(col=89, row=185)
17:53:46 | DEBUG   | eda.stub               | [root] [-] [U1] [U1:33] stub_found pin=U1:33 tip=Cell(col=90, row=185) tip_mm=(114.30,234.95) extra=0 cells=1
17:53:46 | DEBUG   | eda.stub               | [root] [-] [X_UI] [X_UI:BTN_FEET] plan_stub X_UI:BTN_FEET direction=left outward_symbol=left rotation=0 mirror=None pin_mm=(430.53,19.05) pin_cell=Cell(col=339, row=15)
17:53:46 | DEBUG   | eda.stub               | [root] [-] [X_UI] [X_UI:BTN_FEET] stub_found pin=X_UI:BTN_FEET tip=Cell(col=318, row=15) tip_mm=(403.86,19.05) extra=1 cells=2
17:53:48 | DEBUG   | eda.stub               | [root] [-] [X_UI] [X_UI:BTN_FEET] plan_stub X_UI:BTN_FEET direction=left outward_symbol=left rotation=0 mirror=None pin_mm=(430.53,19.05) pin_cell=Cell(col=339, row=15)
17:53:48 | DEBUG   | eda.stub               | [root] [-] [X_UI] [X_UI:BTN_FEET] stub_found pin=X_UI:BTN_FEET tip=Cell(col=309, row=15) tip_mm=(392.43,19.05) extra=10 cells=11
17:53:48 | DEBUG   | eda.stub               | [root] [-] [U1] [U1:34] plan_stub U1:34 direction=right outward_symbol=right rotation=0 mirror=None pin_mm=(113.03,237.49) pin_cell=Cell(col=89, row=187)
17:53:48 | DEBUG   | eda.stub               | [root] [-] [U1] [U1:34] stub_found pin=U1:34 tip=Cell(col=90, row=187) tip_mm=(114.30,237.49) extra=0 cells=1
17:53:48 | DEBUG   | eda.stub               | [root] [-] [X_UI] [X_UI:BTN_DRY_GLASS] plan_stub X_UI:BTN_DRY_GLASS direction=left outward_symbol=left rotation=0 mirror=None pin_mm=(430.53,21.59) pin_cell=Cell(col=339, row=17)
17:53:48 | DEBUG   | eda.stub               | [root] [-] [X_UI] [X_UI:BTN_DRY_GLASS] stub_found pin=X_UI:BTN_DRY_GLASS tip=Cell(col=318, row=17) tip_mm=(403.86,21.59) extra=1 cells=2
17:53:51 | DEBUG   | eda.stub               | [root] [-] [U1] [U1:35] plan_stub U1:35 direction=right outward_symbol=right rotation=0 mirror=None pin_mm=(113.03,240.03) pin_cell=Cell(col=89, row=189)
17:53:51 | DEBUG   | eda.stub               | [root] [-] [U1] [U1:35] stub_found pin=U1:35 tip=Cell(col=90, row=189) tip_mm=(114.30,240.03) extra=0 cells=1
17:53:51 | DEBUG   | eda.stub               | [root] [-] [X_UI] [X_UI:BTN_AC] plan_stub X_UI:BTN_AC direction=left outward_symbol=left rotation=0 mirror=None pin_mm=(430.53,24.13) pin_cell=Cell(col=339, row=19)
17:53:51 | DEBUG   | eda.stub               | [root] [-] [X_UI] [X_UI:BTN_AC] stub_found pin=X_UI:BTN_AC tip=Cell(col=318, row=19) tip_mm=(403.86,24.13) extra=1 cells=2
17:53:54 | DEBUG   | eda.stub               | [root] [-] [U1] [U1:36] plan_stub U1:36 direction=right outward_symbol=right rotation=0 mirror=None pin_mm=(113.03,242.57) pin_cell=Cell(col=89, row=191)
17:53:54 | DEBUG   | eda.stub               | [root] [-] [U1] [U1:36] stub_found pin=U1:36 tip=Cell(col=90, row=191) tip_mm=(114.30,242.57) extra=0 cells=1
17:53:54 | DEBUG   | eda.stub               | [root] [-] [X_UI] [X_UI:BTN_RECIRC] plan_stub X_UI:BTN_RECIRC direction=left outward_symbol=left rotation=0 mirror=None pin_mm=(430.53,26.67) pin_cell=Cell(col=339, row=21)
17:53:54 | DEBUG   | eda.stub               | [root] [-] [X_UI] [X_UI:BTN_RECIRC] stub_found pin=X_UI:BTN_RECIRC tip=Cell(col=318, row=21) tip_mm=(403.86,26.67) extra=1 cells=2
17:53:56 | DEBUG   | eda.stub               | [root] [-] [X_UI] [X_UI:LED_DEFROST_GLASS_DRV] plan_stub X_UI:LED_DEFROST_GLASS_DRV direction=left outward_symbol=left rotation=0 mirror=None pin_mm=(430.53,29.21) pin_cell=Cell(col=339, row=23)
17:53:56 | DEBUG   | eda.stub               | [root] [-] [X_UI] [X_UI:LED_DEFROST_GLASS_DRV] stub_found pin=X_UI:LED_DEFROST_GLASS_DRV tip=Cell(col=318, row=23) tip_mm=(403.86,29.21) extra=1 cells=2
17:53:56 | DEBUG   | eda.stub               | [root] [-] [U1] [U1:50] plan_stub U1:50 direction=right outward_symbol=right rotation=0 mirror=None pin_mm=(113.03,199.39) pin_cell=Cell(col=89, row=157)
17:53:56 | DEBUG   | eda.stub               | [root] [-] [U1] [U1:50] stub_found pin=U1:50 tip=Cell(col=91, row=157) tip_mm=(115.57,199.39) extra=1 cells=2
17:53:56 | DEBUG   | eda.stub               | [root] [-] [X_UI] [X_UI:LED_FACE_DRV] plan_stub X_UI:LED_FACE_DRV direction=left outward_symbol=left rotation=0 mirror=None pin_mm=(430.53,31.75) pin_cell=Cell(col=339, row=25)
17:53:56 | DEBUG   | eda.stub               | [root] [-] [X_UI] [X_UI:LED_FACE_DRV] stub_found pin=X_UI:LED_FACE_DRV tip=Cell(col=318, row=25) tip_mm=(403.86,31.75) extra=1 cells=2
17:53:56 | DEBUG   | eda.stub               | [root] [-] [U1] [U1:55] plan_stub U1:55 direction=right outward_symbol=right rotation=0 mirror=None pin_mm=(113.03,212.09) pin_cell=Cell(col=89, row=167)
17:53:56 | DEBUG   | eda.stub               | [root] [-] [U1] [U1:55] stub_found pin=U1:55 tip=Cell(col=90, row=167) tip_mm=(114.30,212.09) extra=0 cells=1
17:53:56 | DEBUG   | eda.stub               | [root] [-] [X_UI] [X_UI:LED_FEET_DRV] plan_stub X_UI:LED_FEET_DRV direction=left outward_symbol=left rotation=0 mirror=None pin_mm=(430.53,34.29) pin_cell=Cell(col=339, row=27)
17:53:56 | DEBUG   | eda.stub               | [root] [-] [X_UI] [X_UI:LED_FEET_DRV] stub_found pin=X_UI:LED_FEET_DRV tip=Cell(col=319, row=27) tip_mm=(405.13,34.29) extra=0 cells=1
17:53:56 | DEBUG   | eda.stub               | [root] [-] [U1] [U1:56] plan_stub U1:56 direction=right outward_symbol=right rotation=0 mirror=None pin_mm=(113.03,214.63) pin_cell=Cell(col=89, row=169)
17:53:56 | DEBUG   | eda.stub               | [root] [-] [U1] [U1:56] stub_found pin=U1:56 tip=Cell(col=90, row=169) tip_mm=(114.30,214.63) extra=0 cells=1
17:53:59 | DEBUG   | eda.stub               | [root] [-] [X_UI] [X_UI:LED_FEET_DRV] plan_stub X_UI:LED_FEET_DRV direction=left outward_symbol=left rotation=0 mirror=None pin_mm=(430.53,34.29) pin_cell=Cell(col=339, row=27)
17:53:59 | DEBUG   | eda.stub               | [root] [-] [X_UI] [X_UI:LED_FEET_DRV] stub_found pin=X_UI:LED_FEET_DRV tip=Cell(col=318, row=27) tip_mm=(403.86,34.29) extra=1 cells=2
17:53:59 | DEBUG   | eda.stub               | [root] [-] [X_UI] [X_UI:LED_DRY_GLASS_DRV] plan_stub X_UI:LED_DRY_GLASS_DRV direction=left outward_symbol=left rotation=0 mirror=None pin_mm=(430.53,36.83) pin_cell=Cell(col=339, row=29)
17:53:59 | DEBUG   | eda.stub               | [root] [-] [X_UI] [X_UI:LED_DRY_GLASS_DRV] stub_found pin=X_UI:LED_DRY_GLASS_DRV tip=Cell(col=318, row=29) tip_mm=(403.86,36.83) extra=1 cells=2
17:53:59 | DEBUG   | eda.stub               | [root] [-] [U1] [U1:3] plan_stub U1:3 direction=left outward_symbol=left rotation=0 mirror=None pin_mm=(77.47,217.17) pin_cell=Cell(col=61, row=171)
17:53:59 | DEBUG   | eda.stub               | [root] [-] [U1] [U1:3] stub_found pin=U1:3 tip=Cell(col=59, row=171) tip_mm=(74.93,217.17) extra=1 cells=2
17:53:59 | DEBUG   | eda.stub               | [root] [-] [X_UI] [X_UI:LED_AC_DRV] plan_stub X_UI:LED_AC_DRV direction=left outward_symbol=left rotation=0 mirror=None pin_mm=(430.53,39.37) pin_cell=Cell(col=339, row=31)
17:53:59 | DEBUG   | eda.stub               | [root] [-] [X_UI] [X_UI:LED_AC_DRV] stub_found pin=X_UI:LED_AC_DRV tip=Cell(col=319, row=31) tip_mm=(405.13,39.37) extra=0 cells=1
17:53:59 | DEBUG   | eda.stub               | [root] [-] [U1] [U1:4] plan_stub U1:4 direction=left outward_symbol=left rotation=0 mirror=None pin_mm=(77.47,219.71) pin_cell=Cell(col=61, row=173)
17:53:59 | DEBUG   | eda.stub               | [root] [-] [U1] [U1:4] stub_found pin=U1:4 tip=Cell(col=59, row=173) tip_mm=(74.93,219.71) extra=1 cells=2
17:54:01 | DEBUG   | eda.stub               | [root] [-] [X_UI] [X_UI:LED_AC_DRV] plan_stub X_UI:LED_AC_DRV direction=left outward_symbol=left rotation=0 mirror=None pin_mm=(430.53,39.37) pin_cell=Cell(col=339, row=31)
17:54:01 | DEBUG   | eda.stub               | [root] [-] [X_UI] [X_UI:LED_AC_DRV] stub_found pin=X_UI:LED_AC_DRV tip=Cell(col=318, row=31) tip_mm=(403.86,39.37) extra=1 cells=2
17:54:01 | DEBUG   | eda.stub               | [root] [-] [X_UI] [X_UI:LED_RECIRC_DRV] plan_stub X_UI:LED_RECIRC_DRV direction=left outward_symbol=left rotation=0 mirror=None pin_mm=(430.53,41.91) pin_cell=Cell(col=339, row=33)
17:54:01 | DEBUG   | eda.stub               | [root] [-] [X_UI] [X_UI:LED_RECIRC_DRV] stub_found pin=X_UI:LED_RECIRC_DRV tip=Cell(col=319, row=33) tip_mm=(405.13,41.91) extra=0 cells=1
17:54:01 | DEBUG   | eda.stub               | [root] [-] [U1] [U1:10] plan_stub U1:10 direction=left outward_symbol=left rotation=0 mirror=None pin_mm=(77.47,186.69) pin_cell=Cell(col=61, row=147)
17:54:01 | DEBUG   | eda.stub               | [root] [-] [U1] [U1:10] stub_found pin=U1:10 tip=Cell(col=59, row=147) tip_mm=(74.93,186.69) extra=1 cells=2
17:54:04 | DEBUG   | eda.stub               | [root] [-] [X_UI] [X_UI:LED_RECIRC_DRV] plan_stub X_UI:LED_RECIRC_DRV direction=left outward_symbol=left rotation=0 mirror=None pin_mm=(430.53,41.91) pin_cell=Cell(col=339, row=33)
17:54:04 | DEBUG   | eda.stub               | [root] [-] [X_UI] [X_UI:LED_RECIRC_DRV] stub_found pin=X_UI:LED_RECIRC_DRV tip=Cell(col=318, row=33) tip_mm=(403.86,41.91) extra=1 cells=2
17:54:04 | DEBUG   | eda.stub               | [root] [-] [U1] [U1:14] plan_stub U1:14 direction=right outward_symbol=right rotation=0 mirror=None pin_mm=(113.03,161.29) pin_cell=Cell(col=89, row=127)
17:54:04 | DEBUG   | eda.stub               | [root] [-] [U1] [U1:14] stub_found pin=U1:14 tip=Cell(col=90, row=127) tip_mm=(114.30,161.29) extra=0 cells=1
17:54:04 | DEBUG   | eda.stub               | [root] [-] [X_UI] [X_UI:TEMP_SET_ADC] plan_stub X_UI:TEMP_SET_ADC direction=left outward_symbol=left rotation=0 mirror=None pin_mm=(430.53,44.45) pin_cell=Cell(col=339, row=35)
17:54:04 | DEBUG   | eda.stub               | [root] [-] [X_UI] [X_UI:TEMP_SET_ADC] stub_found pin=X_UI:TEMP_SET_ADC tip=Cell(col=318, row=35) tip_mm=(403.86,44.45) extra=1 cells=2
17:54:08 | DEBUG   | eda.stub               | [root] [-] [U1] [U1:15] plan_stub U1:15 direction=right outward_symbol=right rotation=0 mirror=None pin_mm=(113.03,163.83) pin_cell=Cell(col=89, row=129)
17:54:08 | DEBUG   | eda.stub               | [root] [-] [U1] [U1:15] stub_found pin=U1:15 tip=Cell(col=90, row=129) tip_mm=(114.30,163.83) extra=0 cells=1
17:54:08 | DEBUG   | eda.stub               | [root] [-] [X_UI] [X_UI:FAN_SEL_ADC] plan_stub X_UI:FAN_SEL_ADC direction=left outward_symbol=left rotation=0 mirror=None pin_mm=(430.53,46.99) pin_cell=Cell(col=339, row=37)
17:54:08 | DEBUG   | eda.stub               | [root] [-] [X_UI] [X_UI:FAN_SEL_ADC] stub_found pin=X_UI:FAN_SEL_ADC tip=Cell(col=319, row=37) tip_mm=(405.13,46.99) extra=0 cells=1
17:54:11 | DEBUG   | eda.stub               | [root] [-] [X_UI] [X_UI:FAN_SEL_ADC] plan_stub X_UI:FAN_SEL_ADC direction=left outward_symbol=left rotation=0 mirror=None pin_mm=(430.53,46.99) pin_cell=Cell(col=339, row=37)
17:54:11 | DEBUG   | eda.stub               | [root] [-] [X_UI] [X_UI:FAN_SEL_ADC] stub_found pin=X_UI:FAN_SEL_ADC tip=Cell(col=318, row=37) tip_mm=(403.86,46.99) extra=1 cells=2
17:54:11 | DEBUG   | eda.stub               | [root] [-] [U1] [U1:16] plan_stub U1:16 direction=right outward_symbol=right rotation=0 mirror=None pin_mm=(113.03,166.37) pin_cell=Cell(col=89, row=131)
17:54:11 | DEBUG   | eda.stub               | [root] [-] [U1] [U1:16] stub_found pin=U1:16 tip=Cell(col=90, row=131) tip_mm=(114.30,166.37) extra=0 cells=1
17:54:11 | DEBUG   | eda.stub               | [root] [-] [X_UI] [X_UI:NTC_CABIN] plan_stub X_UI:NTC_CABIN direction=right outward_symbol=right rotation=0 mirror=None pin_mm=(406.40,19.05) pin_cell=Cell(col=320, row=15)
17:54:11 | DEBUG   | eda.stub               | [root] [-] [X_UI] [X_UI:NTC_CABIN] stub_found pin=X_UI:NTC_CABIN tip=Cell(col=341, row=15) tip_mm=(433.07,19.05) extra=1 cells=2
17:54:14 | DEBUG   | eda.stub               | [root] [-] [X_SEN_CABIN] [X_SEN_CABIN:NTC_CABIN] plan_stub X_SEN_CABIN:NTC_CABIN direction=right outward_symbol=right rotation=0 mirror=None pin_mm=(287.02,38.10) pin_cell=Cell(col=226, row=30)
17:54:14 | DEBUG   | eda.stub               | [root] [-] [X_SEN_CABIN] [X_SEN_CABIN:NTC_CABIN] stub_found pin=X_SEN_CABIN:NTC_CABIN tip=Cell(col=243, row=30) tip_mm=(308.61,38.10) extra=1 cells=2
17:54:15 | DEBUG   | eda.stub               | [root] [-] [X_UI] [X_UI:NTC_CABIN] plan_stub X_UI:NTC_CABIN direction=right outward_symbol=right rotation=0 mirror=None pin_mm=(406.40,19.05) pin_cell=Cell(col=320, row=15)
17:54:15 | DEBUG   | eda.stub               | [root] [-] [X_UI] [X_UI:NTC_CABIN] stub_found pin=X_UI:NTC_CABIN tip=Cell(col=343, row=15) tip_mm=(435.61,19.05) extra=3 cells=4
17:54:15 | DEBUG   | eda.stub               | [root] [-] [X_SEN_CABIN] [X_SEN_CABIN:NTC_CABIN] plan_stub X_SEN_CABIN:NTC_CABIN direction=right outward_symbol=right rotation=0 mirror=None pin_mm=(287.02,38.10) pin_cell=Cell(col=226, row=30)
17:54:15 | ERROR   | eda.stub               | [root] [-] [X_SEN_CABIN] [X_SEN_CABIN:NTC_CABIN] stub_blocked_by_bbox comp=X_CAN pin=X_SEN_CABIN:NTC_CABIN tip=Cell(col=250, row=30)
17:54:15 | ERROR   | eda.stub               | [root] [-] [X_SEN_CABIN] [X_SEN_CABIN:NTC_CABIN] stub_failed reason=foreign_bbox pin=X_SEN_CABIN:NTC_CABIN pin_mm=(287.02,38.10) cell=Cell(col=226, row=30)
17:54:15 | DEBUG   | eda.stub               | [root] [-] [X_PWR] [X_PWR:NTC_HEAT_W] plan_stub X_PWR:NTC_HEAT_W direction=left outward_symbol=left rotation=0 mirror=None pin_mm=(22.86,171.45) pin_cell=Cell(col=18, row=135)
17:54:15 | DEBUG   | eda.stub               | [root] [-] [X_PWR] [X_PWR:NTC_HEAT_W] stub_found pin=X_PWR:NTC_HEAT_W tip=Cell(col=1, row=135) tip_mm=(1.27,171.45) extra=1 cells=2
17:54:15 | DEBUG   | eda.stub               | [root] [-] [X_SEN_HEAT] [X_SEN_HEAT:NTC_HEAT_W] plan_stub X_SEN_HEAT:NTC_HEAT_W direction=left outward_symbol=left rotation=0 mirror=None pin_mm=(394.97,33.02) pin_cell=Cell(col=311, row=26)
17:54:15 | DEBUG   | eda.stub               | [root] [-] [X_SEN_HEAT] [X_SEN_HEAT:NTC_HEAT_W] stub_found pin=X_SEN_HEAT:NTC_HEAT_W tip=Cell(col=294, row=26) tip_mm=(373.38,33.02) extra=1 cells=2
17:54:19 | DEBUG   | eda.stub               | [root] [-] [X_SEN_HEAT] [X_SEN_HEAT:NTC_HEAT] plan_stub X_SEN_HEAT:NTC_HEAT direction=left outward_symbol=left rotation=0 mirror=None pin_mm=(394.97,35.56) pin_cell=Cell(col=311, row=28)
17:54:19 | DEBUG   | eda.stub               | [root] [-] [X_SEN_HEAT] [X_SEN_HEAT:NTC_HEAT] stub_found pin=X_SEN_HEAT:NTC_HEAT tip=Cell(col=295, row=28) tip_mm=(374.65,35.56) extra=0 cells=1
17:54:19 | DEBUG   | eda.stub               | [root] [-] [U1] [U1:17] plan_stub U1:17 direction=right outward_symbol=right rotation=0 mirror=None pin_mm=(113.03,168.91) pin_cell=Cell(col=89, row=133)
17:54:19 | DEBUG   | eda.stub               | [root] [-] [U1] [U1:17] stub_found pin=U1:17 tip=Cell(col=90, row=133) tip_mm=(114.30,168.91) extra=0 cells=1
17:54:19 | DEBUG   | eda.stub               | [root] [-] [X_PWR] [X_PWR:SOLAR_RAW] plan_stub X_PWR:SOLAR_RAW direction=right outward_symbol=right rotation=0 mirror=None pin_mm=(3.81,181.61) pin_cell=Cell(col=3, row=143)
17:54:19 | DEBUG   | eda.stub               | [root] [-] [X_PWR] [X_PWR:SOLAR_RAW] stub_found pin=X_PWR:SOLAR_RAW tip=Cell(col=19, row=143) tip_mm=(24.13,181.61) extra=0 cells=1
17:54:19 | DEBUG   | eda.stub               | [root] [-] [X_SEN_SOLAR] [X_SEN_SOLAR:SOLAR_RAW] plan_stub X_SEN_SOLAR:SOLAR_RAW direction=right outward_symbol=right rotation=0 mirror=None pin_mm=(256.54,36.83) pin_cell=Cell(col=202, row=29)
17:54:19 | DEBUG   | eda.stub               | [root] [-] [X_SEN_SOLAR] [X_SEN_SOLAR:SOLAR_RAW] stub_found pin=X_SEN_SOLAR:SOLAR_RAW tip=Cell(col=218, row=29) tip_mm=(276.86,36.83) extra=0 cells=1
17:54:21 | DEBUG   | eda.stub               | [root] [-] [X_PWR] [X_PWR:SOLAR_RAW] plan_stub X_PWR:SOLAR_RAW direction=right outward_symbol=right rotation=0 mirror=None pin_mm=(3.81,181.61) pin_cell=Cell(col=3, row=143)
17:54:21 | ERROR   | eda.stub               | [root] [-] [X_PWR] [X_PWR:SOLAR_RAW] stub_max_extra_exceeded limit=20 pin=X_PWR:SOLAR_RAW tip=Cell(col=40, row=143)
17:54:21 | ERROR   | eda.stub               | [root] [-] [X_PWR] [X_PWR:SOLAR_RAW] stub_failed reason=max_extra_exceeded pin=X_PWR:SOLAR_RAW pin_mm=(3.81,181.61) cell=Cell(col=3, row=143)
17:54:21 | DEBUG   | eda.stub               | [root] [-] [X_SEN_SOLAR] [X_SEN_SOLAR:SOLAR_RAW] plan_stub X_SEN_SOLAR:SOLAR_RAW direction=right outward_symbol=right rotation=0 mirror=None pin_mm=(256.54,36.83) pin_cell=Cell(col=202, row=29)
17:54:21 | DEBUG   | eda.stub               | [root] [-] [X_SEN_SOLAR] [X_SEN_SOLAR:SOLAR_RAW] stub_found pin=X_SEN_SOLAR:SOLAR_RAW tip=Cell(col=219, row=29) tip_mm=(278.13,36.83) extra=1 cells=2
17:54:21 | DEBUG   | eda.stub               | [root] [-] [U1] [U1:20] plan_stub U1:20 direction=right outward_symbol=right rotation=0 mirror=None pin_mm=(113.03,171.45) pin_cell=Cell(col=89, row=135)
17:54:21 | DEBUG   | eda.stub               | [root] [-] [U1] [U1:20] stub_found pin=U1:20 tip=Cell(col=90, row=135) tip_mm=(114.30,171.45) extra=0 cells=1
17:54:21 | DEBUG   | eda.stub               | [root] [-] [X_SEN_SOLAR] [X_SEN_SOLAR:SOLAR_ADC] plan_stub X_SEN_SOLAR:SOLAR_ADC direction=left outward_symbol=left rotation=0 mirror=None pin_mm=(275.59,34.29) pin_cell=Cell(col=217, row=27)
17:54:21 | ERROR   | eda.stub               | [root] [-] [X_SEN_SOLAR] [X_SEN_SOLAR:SOLAR_ADC] stub_blocked_by_pin comp=X_SEN_COND.COND_ADC pin=X_SEN_SOLAR:SOLAR_ADC tip=Cell(col=192, row=27)
17:54:21 | ERROR   | eda.stub               | [root] [-] [X_SEN_SOLAR] [X_SEN_SOLAR:SOLAR_ADC] stub_failed reason=foreign_pin pin=X_SEN_SOLAR:SOLAR_ADC pin_mm=(275.59,34.29) cell=Cell(col=217, row=27)
17:54:25 | DEBUG   | eda.stub               | [root] [-] [X_PWR] [X_PWR:COND_RAW] plan_stub X_PWR:COND_RAW direction=right outward_symbol=right rotation=0 mirror=None pin_mm=(3.81,184.15) pin_cell=Cell(col=3, row=145)
17:54:25 | DEBUG   | eda.stub               | [root] [-] [X_PWR] [X_PWR:COND_RAW] stub_found pin=X_PWR:COND_RAW tip=Cell(col=19, row=145) tip_mm=(24.13,184.15) extra=0 cells=1
17:54:25 | DEBUG   | eda.stub               | [root] [-] [X_SEN_COND] [X_SEN_COND:COND_RAW] plan_stub X_SEN_COND:COND_RAW direction=right outward_symbol=right rotation=0 mirror=None pin_mm=(224.79,36.83) pin_cell=Cell(col=177, row=29)
17:54:25 | DEBUG   | eda.stub               | [root] [-] [X_SEN_COND] [X_SEN_COND:COND_RAW] stub_found pin=X_SEN_COND:COND_RAW tip=Cell(col=193, row=29) tip_mm=(245.11,36.83) extra=0 cells=1
17:54:27 | DEBUG   | eda.stub               | [root] [-] [X_PWR] [X_PWR:COND_RAW] plan_stub X_PWR:COND_RAW direction=right outward_symbol=right rotation=0 mirror=None pin_mm=(3.81,184.15) pin_cell=Cell(col=3, row=145)
17:54:27 | ERROR   | eda.stub               | [root] [-] [X_PWR] [X_PWR:COND_RAW] stub_max_extra_exceeded limit=20 pin=X_PWR:COND_RAW tip=Cell(col=40, row=145)
17:54:27 | ERROR   | eda.stub               | [root] [-] [X_PWR] [X_PWR:COND_RAW] stub_failed reason=max_extra_exceeded pin=X_PWR:COND_RAW pin_mm=(3.81,184.15) cell=Cell(col=3, row=145)
17:54:27 | DEBUG   | eda.stub               | [root] [-] [X_SEN_COND] [X_SEN_COND:COND_RAW] plan_stub X_SEN_COND:COND_RAW direction=right outward_symbol=right rotation=0 mirror=None pin_mm=(224.79,36.83) pin_cell=Cell(col=177, row=29)
17:54:27 | DEBUG   | eda.stub               | [root] [-] [X_SEN_COND] [X_SEN_COND:COND_RAW] stub_found pin=X_SEN_COND:COND_RAW tip=Cell(col=194, row=29) tip_mm=(246.38,36.83) extra=1 cells=2
17:54:27 | DEBUG   | eda.stub               | [root] [-] [U1] [U1:21] plan_stub U1:21 direction=right outward_symbol=right rotation=0 mirror=None pin_mm=(113.03,173.99) pin_cell=Cell(col=89, row=137)
17:54:27 | DEBUG   | eda.stub               | [root] [-] [U1] [U1:21] stub_found pin=U1:21 tip=Cell(col=90, row=137) tip_mm=(114.30,173.99) extra=0 cells=1
17:54:27 | DEBUG   | eda.stub               | [root] [-] [X_SEN_COND] [X_SEN_COND:COND_ADC] plan_stub X_SEN_COND:COND_ADC direction=left outward_symbol=left rotation=0 mirror=None pin_mm=(243.84,34.29) pin_cell=Cell(col=192, row=27)
17:54:27 | DEBUG   | eda.stub               | [root] [-] [X_SEN_COND] [X_SEN_COND:COND_ADC] stub_found pin=X_SEN_COND:COND_ADC tip=Cell(col=175, row=27) tip_mm=(222.25,34.29) extra=1 cells=2
17:54:31 | DEBUG   | eda.stub               | [root] [-] [X_PWR] [X_PWR:MOTOR_1_A] plan_stub X_PWR:MOTOR_1_A direction=left outward_symbol=left rotation=0 mirror=None pin_mm=(22.86,173.99) pin_cell=Cell(col=18, row=137)
17:54:31 | DEBUG   | eda.stub               | [root] [-] [X_PWR] [X_PWR:MOTOR_1_A] stub_found pin=X_PWR:MOTOR_1_A tip=Cell(col=2, row=137) tip_mm=(2.54,173.99) extra=0 cells=1
17:54:31 | DEBUG   | eda.stub               | [root] [-] [X_ACT] [X_ACT:MOTOR_1_A] plan_stub X_ACT:MOTOR_1_A direction=left outward_symbol=left rotation=0 mirror=None pin_mm=(104.14,6.35) pin_cell=Cell(col=82, row=5)
17:54:31 | DEBUG   | eda.stub               | [root] [-] [X_ACT] [X_ACT:MOTOR_1_A] stub_found pin=X_ACT:MOTOR_1_A tip=Cell(col=65, row=5) tip_mm=(82.55,6.35) extra=1 cells=2
17:54:32 | DEBUG   | eda.stub               | [root] [-] [X_PWR] [X_PWR:MOTOR_1_A] plan_stub X_PWR:MOTOR_1_A direction=left outward_symbol=left rotation=0 mirror=None pin_mm=(22.86,173.99) pin_cell=Cell(col=18, row=137)
17:54:32 | DEBUG   | eda.stub               | [root] [-] [X_PWR] [X_PWR:MOTOR_1_A] stub_found pin=X_PWR:MOTOR_1_A tip=Cell(col=-9, row=137) tip_mm=(-11.43,173.99) extra=11 cells=12
17:54:32 | DEBUG   | eda.stub               | [root] [-] [X_ACT] [X_ACT:MOTOR_1_A] plan_stub X_ACT:MOTOR_1_A direction=left outward_symbol=left rotation=0 mirror=None pin_mm=(104.14,6.35) pin_cell=Cell(col=82, row=5)
17:54:32 | DEBUG   | eda.stub               | [root] [-] [X_ACT] [X_ACT:MOTOR_1_A] stub_found pin=X_ACT:MOTOR_1_A tip=Cell(col=61, row=5) tip_mm=(77.47,6.35) extra=5 cells=6
17:54:32 | DEBUG   | eda.stub               | [root] [-] [X_PWR] [X_PWR:MOTOR_1_B] plan_stub X_PWR:MOTOR_1_B direction=left outward_symbol=left rotation=0 mirror=None pin_mm=(22.86,176.53) pin_cell=Cell(col=18, row=139)
17:54:32 | DEBUG   | eda.stub               | [root] [-] [X_PWR] [X_PWR:MOTOR_1_B] stub_found pin=X_PWR:MOTOR_1_B tip=Cell(col=-1, row=139) tip_mm=(-1.27,176.53) extra=3 cells=4
17:54:32 | DEBUG   | eda.stub               | [root] [-] [X_ACT] [X_ACT:MOTOR_1_B] plan_stub X_ACT:MOTOR_1_B direction=left outward_symbol=left rotation=0 mirror=None pin_mm=(104.14,8.89) pin_cell=Cell(col=82, row=7)
17:54:32 | DEBUG   | eda.stub               | [root] [-] [X_ACT] [X_ACT:MOTOR_1_B] stub_found pin=X_ACT:MOTOR_1_B tip=Cell(col=63, row=7) tip_mm=(80.01,8.89) extra=3 cells=4
17:54:33 | DEBUG   | eda.stub               | [root] [-] [X_PWR] [X_PWR:MOTOR_1_B] plan_stub X_PWR:MOTOR_1_B direction=left outward_symbol=left rotation=0 mirror=None pin_mm=(22.86,176.53) pin_cell=Cell(col=18, row=139)
17:54:33 | DEBUG   | eda.stub               | [root] [-] [X_PWR] [X_PWR:MOTOR_1_B] stub_found pin=X_PWR:MOTOR_1_B tip=Cell(col=-12, row=139) tip_mm=(-15.24,176.53) extra=14 cells=15
17:54:33 | DEBUG   | eda.stub               | [root] [-] [X_ACT] [X_ACT:MOTOR_1_B] plan_stub X_ACT:MOTOR_1_B direction=left outward_symbol=left rotation=0 mirror=None pin_mm=(104.14,8.89) pin_cell=Cell(col=82, row=7)
17:54:33 | DEBUG   | eda.stub               | [root] [-] [X_ACT] [X_ACT:MOTOR_1_B] stub_found pin=X_ACT:MOTOR_1_B tip=Cell(col=59, row=7) tip_mm=(74.93,8.89) extra=7 cells=8
17:54:33 | DEBUG   | eda.stub               | [root] [-] [U1] [U1:22] plan_stub U1:22 direction=right outward_symbol=right rotation=0 mirror=None pin_mm=(113.03,176.53) pin_cell=Cell(col=89, row=139)
17:54:33 | DEBUG   | eda.stub               | [root] [-] [U1] [U1:22] stub_found pin=U1:22 tip=Cell(col=90, row=139) tip_mm=(114.30,176.53) extra=0 cells=1
17:54:33 | DEBUG   | eda.stub               | [root] [-] [X_ACT] [X_ACT:FB_M1] plan_stub X_ACT:FB_M1 direction=left outward_symbol=left rotation=0 mirror=None pin_mm=(104.14,11.43) pin_cell=Cell(col=82, row=9)
17:54:33 | DEBUG   | eda.stub               | [root] [-] [X_ACT] [X_ACT:FB_M1] stub_found pin=X_ACT:FB_M1 tip=Cell(col=66, row=9) tip_mm=(83.82,11.43) extra=0 cells=1
17:54:35 | DEBUG   | eda.stub               | [root] [-] [X_ACT] [X_ACT:FB_M1] plan_stub X_ACT:FB_M1 direction=left outward_symbol=left rotation=0 mirror=None pin_mm=(104.14,11.43) pin_cell=Cell(col=82, row=9)
17:54:35 | DEBUG   | eda.stub               | [root] [-] [X_ACT] [X_ACT:FB_M1] stub_found pin=X_ACT:FB_M1 tip=Cell(col=65, row=9) tip_mm=(82.55,11.43) extra=1 cells=2
17:54:35 | DEBUG   | eda.stub               | [root] [-] [U1] [U1:42] plan_stub U1:42 direction=right outward_symbol=right rotation=0 mirror=None pin_mm=(113.03,184.15) pin_cell=Cell(col=89, row=145)
17:54:35 | DEBUG   | eda.stub               | [root] [-] [U1] [U1:42] stub_found pin=U1:42 tip=Cell(col=90, row=145) tip_mm=(114.30,184.15) extra=0 cells=1
17:54:35 | DEBUG   | eda.stub               | [root] [-] [X_ACT] [X_ACT:M1_IN1] plan_stub X_ACT:M1_IN1 direction=right outward_symbol=right rotation=0 mirror=None pin_mm=(85.09,11.43) pin_cell=Cell(col=67, row=9)
17:54:35 | DEBUG   | eda.stub               | [root] [-] [X_ACT] [X_ACT:M1_IN1] stub_found pin=X_ACT:M1_IN1 tip=Cell(col=83, row=9) tip_mm=(105.41,11.43) extra=0 cells=1
17:54:36 | DEBUG   | eda.stub               | [root] [-] [X_ACT] [X_ACT:M1_IN1] plan_stub X_ACT:M1_IN1 direction=right outward_symbol=right rotation=0 mirror=None pin_mm=(85.09,11.43) pin_cell=Cell(col=67, row=9)
17:54:36 | DEBUG   | eda.stub               | [root] [-] [X_ACT] [X_ACT:M1_IN1] stub_found pin=X_ACT:M1_IN1 tip=Cell(col=84, row=9) tip_mm=(106.68,11.43) extra=1 cells=2
17:54:36 | DEBUG   | eda.stub               | [root] [-] [U1] [U1:43] plan_stub U1:43 direction=right outward_symbol=right rotation=0 mirror=None pin_mm=(113.03,186.69) pin_cell=Cell(col=89, row=147)
17:54:36 | DEBUG   | eda.stub               | [root] [-] [U1] [U1:43] stub_found pin=U1:43 tip=Cell(col=90, row=147) tip_mm=(114.30,186.69) extra=0 cells=1
17:54:36 | DEBUG   | eda.stub               | [root] [-] [X_ACT] [X_ACT:M1_IN2] plan_stub X_ACT:M1_IN2 direction=right outward_symbol=right rotation=0 mirror=None pin_mm=(85.09,13.97) pin_cell=Cell(col=67, row=11)
17:54:36 | DEBUG   | eda.stub               | [root] [-] [X_ACT] [X_ACT:M1_IN2] stub_found pin=X_ACT:M1_IN2 tip=Cell(col=84, row=11) tip_mm=(106.68,13.97) extra=1 cells=2
17:54:38 | DEBUG   | eda.stub               | [root] [-] [X_ACT] [X_ACT:M1_IN2] plan_stub X_ACT:M1_IN2 direction=right outward_symbol=right rotation=0 mirror=None pin_mm=(85.09,13.97) pin_cell=Cell(col=67, row=11)
17:54:38 | DEBUG   | eda.stub               | [root] [-] [X_ACT] [X_ACT:M1_IN2] stub_found pin=X_ACT:M1_IN2 tip=Cell(col=86, row=11) tip_mm=(109.22,13.97) extra=3 cells=4
17:54:38 | DEBUG   | eda.stub               | [root] [-] [X_PWR] [X_PWR:MOTOR_2_A] plan_stub X_PWR:MOTOR_2_A direction=left outward_symbol=left rotation=0 mirror=None pin_mm=(22.86,179.07) pin_cell=Cell(col=18, row=141)
17:54:38 | DEBUG   | eda.stub               | [root] [-] [X_PWR] [X_PWR:MOTOR_2_A] stub_found pin=X_PWR:MOTOR_2_A tip=Cell(col=-3, row=141) tip_mm=(-3.81,179.07) extra=5 cells=6
17:54:38 | DEBUG   | eda.stub               | [root] [-] [X_ACT] [X_ACT:MOTOR_2_A] plan_stub X_ACT:MOTOR_2_A direction=left outward_symbol=left rotation=0 mirror=None pin_mm=(104.14,13.97) pin_cell=Cell(col=82, row=11)
17:54:38 | DEBUG   | eda.stub               | [root] [-] [X_ACT] [X_ACT:MOTOR_2_A] stub_found pin=X_ACT:MOTOR_2_A tip=Cell(col=65, row=11) tip_mm=(82.55,13.97) extra=1 cells=2
17:54:39 | DEBUG   | eda.stub               | [root] [-] [X_PWR] [X_PWR:MOTOR_2_A] plan_stub X_PWR:MOTOR_2_A direction=left outward_symbol=left rotation=0 mirror=None pin_mm=(22.86,179.07) pin_cell=Cell(col=18, row=141)
17:54:39 | DEBUG   | eda.stub               | [root] [-] [X_PWR] [X_PWR:MOTOR_2_A] stub_found pin=X_PWR:MOTOR_2_A tip=Cell(col=-15, row=141) tip_mm=(-19.05,179.07) extra=17 cells=18
17:54:39 | DEBUG   | eda.stub               | [root] [-] [X_ACT] [X_ACT:MOTOR_2_A] plan_stub X_ACT:MOTOR_2_A direction=left outward_symbol=left rotation=0 mirror=None pin_mm=(104.14,13.97) pin_cell=Cell(col=82, row=11)
17:54:39 | DEBUG   | eda.stub               | [root] [-] [X_ACT] [X_ACT:MOTOR_2_A] stub_found pin=X_ACT:MOTOR_2_A tip=Cell(col=57, row=11) tip_mm=(72.39,13.97) extra=9 cells=10
17:54:39 | DEBUG   | eda.stub               | [root] [-] [X_PWR] [X_PWR:MOTOR_2_B] plan_stub X_PWR:MOTOR_2_B direction=left outward_symbol=left rotation=0 mirror=None pin_mm=(22.86,181.61) pin_cell=Cell(col=18, row=143)
17:54:39 | DEBUG   | eda.stub               | [root] [-] [X_PWR] [X_PWR:MOTOR_2_B] stub_found pin=X_PWR:MOTOR_2_B tip=Cell(col=-5, row=143) tip_mm=(-6.35,181.61) extra=7 cells=8
17:54:39 | DEBUG   | eda.stub               | [root] [-] [X_ACT] [X_ACT:MOTOR_2_B] plan_stub X_ACT:MOTOR_2_B direction=left outward_symbol=left rotation=0 mirror=None pin_mm=(104.14,16.51) pin_cell=Cell(col=82, row=13)
17:54:39 | DEBUG   | eda.stub               | [root] [-] [X_ACT] [X_ACT:MOTOR_2_B] stub_found pin=X_ACT:MOTOR_2_B tip=Cell(col=65, row=13) tip_mm=(82.55,16.51) extra=1 cells=2
17:54:40 | DEBUG   | eda.stub               | [root] [-] [X_PWR] [X_PWR:MOTOR_2_B] plan_stub X_PWR:MOTOR_2_B direction=left outward_symbol=left rotation=0 mirror=None pin_mm=(22.86,181.61) pin_cell=Cell(col=18, row=143)
17:54:40 | DEBUG   | eda.stub               | [root] [-] [X_PWR] [X_PWR:MOTOR_2_B] stub_found pin=X_PWR:MOTOR_2_B tip=Cell(col=-18, row=143) tip_mm=(-22.86,181.61) extra=20 cells=21
17:54:40 | DEBUG   | eda.stub               | [root] [-] [X_ACT] [X_ACT:MOTOR_2_B] plan_stub X_ACT:MOTOR_2_B direction=left outward_symbol=left rotation=0 mirror=None pin_mm=(104.14,16.51) pin_cell=Cell(col=82, row=13)
17:54:40 | DEBUG   | eda.stub               | [root] [-] [X_ACT] [X_ACT:MOTOR_2_B] stub_found pin=X_ACT:MOTOR_2_B tip=Cell(col=55, row=13) tip_mm=(69.85,16.51) extra=11 cells=12
17:54:40 | DEBUG   | eda.stub               | [root] [-] [X_PWR] [X_PWR:FB_M2_RAW] plan_stub X_PWR:FB_M2_RAW direction=right outward_symbol=right rotation=0 mirror=None pin_mm=(3.81,186.69) pin_cell=Cell(col=3, row=147)
17:54:40 | DEBUG   | eda.stub               | [root] [-] [X_PWR] [X_PWR:FB_M2_RAW] stub_found pin=X_PWR:FB_M2_RAW tip=Cell(col=19, row=147) tip_mm=(24.13,186.69) extra=0 cells=1
17:54:40 | DEBUG   | eda.stub               | [root] [-] [X_ACT] [X_ACT:FB_M2_RAW] plan_stub X_ACT:FB_M2_RAW direction=right outward_symbol=right rotation=0 mirror=None pin_mm=(85.09,16.51) pin_cell=Cell(col=67, row=13)
17:54:40 | DEBUG   | eda.stub               | [root] [-] [X_ACT] [X_ACT:FB_M2_RAW] stub_found pin=X_ACT:FB_M2_RAW tip=Cell(col=84, row=13) tip_mm=(106.68,16.51) extra=1 cells=2
17:54:42 | DEBUG   | eda.stub               | [root] [-] [X_PWR] [X_PWR:FB_M2_RAW] plan_stub X_PWR:FB_M2_RAW direction=right outward_symbol=right rotation=0 mirror=None pin_mm=(3.81,186.69) pin_cell=Cell(col=3, row=147)
17:54:42 | DEBUG   | eda.stub               | [root] [-] [X_PWR] [X_PWR:FB_M2_RAW] stub_found pin=X_PWR:FB_M2_RAW tip=Cell(col=39, row=147) tip_mm=(49.53,186.69) extra=20 cells=21
17:54:42 | DEBUG   | eda.stub               | [root] [-] [X_ACT] [X_ACT:FB_M2_RAW] plan_stub X_ACT:FB_M2_RAW direction=right outward_symbol=right rotation=0 mirror=None pin_mm=(85.09,16.51) pin_cell=Cell(col=67, row=13)
17:54:42 | DEBUG   | eda.stub               | [root] [-] [X_ACT] [X_ACT:FB_M2_RAW] stub_found pin=X_ACT:FB_M2_RAW tip=Cell(col=88, row=13) tip_mm=(111.76,16.51) extra=5 cells=6
17:54:42 | DEBUG   | eda.stub               | [root] [-] [U1] [U1:23] plan_stub U1:23 direction=right outward_symbol=right rotation=0 mirror=None pin_mm=(113.03,179.07) pin_cell=Cell(col=89, row=141)
17:54:42 | DEBUG   | eda.stub               | [root] [-] [U1] [U1:23] stub_found pin=U1:23 tip=Cell(col=90, row=141) tip_mm=(114.30,179.07) extra=0 cells=1
17:54:42 | DEBUG   | eda.stub               | [root] [-] [X_ACT] [X_ACT:FB_M2] plan_stub X_ACT:FB_M2 direction=left outward_symbol=left rotation=0 mirror=None pin_mm=(104.14,19.05) pin_cell=Cell(col=82, row=15)
17:54:42 | DEBUG   | eda.stub               | [root] [-] [X_ACT] [X_ACT:FB_M2] stub_found pin=X_ACT:FB_M2 tip=Cell(col=65, row=15) tip_mm=(82.55,19.05) extra=1 cells=2
17:54:44 | DEBUG   | eda.stub               | [root] [-] [X_ACT] [X_ACT:FB_M2] plan_stub X_ACT:FB_M2 direction=left outward_symbol=left rotation=0 mirror=None pin_mm=(104.14,19.05) pin_cell=Cell(col=82, row=15)
17:54:44 | DEBUG   | eda.stub               | [root] [-] [X_ACT] [X_ACT:FB_M2] stub_found pin=X_ACT:FB_M2 tip=Cell(col=53, row=15) tip_mm=(67.31,19.05) extra=13 cells=14
17:54:44 | DEBUG   | eda.stub               | [root] [-] [U1] [U1:44] plan_stub U1:44 direction=right outward_symbol=right rotation=0 mirror=None pin_mm=(113.03,189.23) pin_cell=Cell(col=89, row=149)
17:54:44 | DEBUG   | eda.stub               | [root] [-] [U1] [U1:44] stub_found pin=U1:44 tip=Cell(col=90, row=149) tip_mm=(114.30,189.23) extra=0 cells=1
17:54:44 | DEBUG   | eda.stub               | [root] [-] [X_ACT] [X_ACT:M2_IN1] plan_stub X_ACT:M2_IN1 direction=right outward_symbol=right rotation=0 mirror=None pin_mm=(85.09,19.05) pin_cell=Cell(col=67, row=15)
17:54:44 | DEBUG   | eda.stub               | [root] [-] [X_ACT] [X_ACT:M2_IN1] stub_found pin=X_ACT:M2_IN1 tip=Cell(col=84, row=15) tip_mm=(106.68,19.05) extra=1 cells=2
17:54:46 | DEBUG   | eda.stub               | [root] [-] [X_ACT] [X_ACT:M2_IN1] plan_stub X_ACT:M2_IN1 direction=right outward_symbol=right rotation=0 mirror=None pin_mm=(85.09,19.05) pin_cell=Cell(col=67, row=15)
17:54:46 | DEBUG   | eda.stub               | [root] [-] [X_ACT] [X_ACT:M2_IN1] stub_found pin=X_ACT:M2_IN1 tip=Cell(col=90, row=15) tip_mm=(114.30,19.05) extra=7 cells=8
17:54:46 | DEBUG   | eda.stub               | [root] [-] [U1] [U1:45] plan_stub U1:45 direction=right outward_symbol=right rotation=0 mirror=None pin_mm=(113.03,191.77) pin_cell=Cell(col=89, row=151)
17:54:46 | DEBUG   | eda.stub               | [root] [-] [U1] [U1:45] stub_found pin=U1:45 tip=Cell(col=90, row=151) tip_mm=(114.30,191.77) extra=0 cells=1
17:54:46 | DEBUG   | eda.stub               | [root] [-] [X_ACT] [X_ACT:M2_IN2] plan_stub X_ACT:M2_IN2 direction=right outward_symbol=right rotation=0 mirror=None pin_mm=(85.09,21.59) pin_cell=Cell(col=67, row=17)
17:54:46 | DEBUG   | eda.stub               | [root] [-] [X_ACT] [X_ACT:M2_IN2] stub_found pin=X_ACT:M2_IN2 tip=Cell(col=84, row=17) tip_mm=(106.68,21.59) extra=1 cells=2
17:54:48 | DEBUG   | eda.stub               | [root] [-] [X_ACT] [X_ACT:M2_IN2] plan_stub X_ACT:M2_IN2 direction=right outward_symbol=right rotation=0 mirror=None pin_mm=(85.09,21.59) pin_cell=Cell(col=67, row=17)
17:54:48 | DEBUG   | eda.stub               | [root] [-] [X_ACT] [X_ACT:M2_IN2] stub_found pin=X_ACT:M2_IN2 tip=Cell(col=92, row=17) tip_mm=(116.84,21.59) extra=9 cells=10
17:54:48 | DEBUG   | eda.stub               | [root] [-] [X_PWR] [X_PWR:MOTOR_3_A] plan_stub X_PWR:MOTOR_3_A direction=left outward_symbol=left rotation=0 mirror=None pin_mm=(22.86,184.15) pin_cell=Cell(col=18, row=145)
17:54:48 | DEBUG   | eda.stub               | [root] [-] [X_PWR] [X_PWR:MOTOR_3_A] stub_found pin=X_PWR:MOTOR_3_A tip=Cell(col=-7, row=145) tip_mm=(-8.89,184.15) extra=9 cells=10
17:54:48 | DEBUG   | eda.stub               | [root] [-] [X_ACT] [X_ACT:MOTOR_3_A] plan_stub X_ACT:MOTOR_3_A direction=left outward_symbol=left rotation=0 mirror=None pin_mm=(104.14,21.59) pin_cell=Cell(col=82, row=17)
17:54:48 | DEBUG   | eda.stub               | [root] [-] [X_ACT] [X_ACT:MOTOR_3_A] stub_found pin=X_ACT:MOTOR_3_A tip=Cell(col=65, row=17) tip_mm=(82.55,21.59) extra=1 cells=2
17:54:49 | DEBUG   | eda.stub               | [root] [-] [X_PWR] [X_PWR:MOTOR_3_A] plan_stub X_PWR:MOTOR_3_A direction=left outward_symbol=left rotation=0 mirror=None pin_mm=(22.86,184.15) pin_cell=Cell(col=18, row=145)
17:54:49 | ERROR   | eda.stub               | [root] [-] [X_PWR] [X_PWR:MOTOR_3_A] stub_max_extra_exceeded limit=20 pin=X_PWR:MOTOR_3_A tip=Cell(col=-19, row=145)
17:54:49 | ERROR   | eda.stub               | [root] [-] [X_PWR] [X_PWR:MOTOR_3_A] stub_failed reason=max_extra_exceeded pin=X_PWR:MOTOR_3_A pin_mm=(22.86,184.15) cell=Cell(col=18, row=145)
17:54:49 | DEBUG   | eda.stub               | [root] [-] [X_ACT] [X_ACT:MOTOR_3_A] plan_stub X_ACT:MOTOR_3_A direction=left outward_symbol=left rotation=0 mirror=None pin_mm=(104.14,21.59) pin_cell=Cell(col=82, row=17)
17:54:49 | DEBUG   | eda.stub               | [root] [-] [X_ACT] [X_ACT:MOTOR_3_A] stub_found pin=X_ACT:MOTOR_3_A tip=Cell(col=51, row=17) tip_mm=(64.77,21.59) extra=15 cells=16
17:54:49 | DEBUG   | eda.stub               | [root] [-] [X_PWR] [X_PWR:MOTOR_3_B] plan_stub X_PWR:MOTOR_3_B direction=left outward_symbol=left rotation=0 mirror=None pin_mm=(22.86,186.69) pin_cell=Cell(col=18, row=147)
17:54:49 | DEBUG   | eda.stub               | [root] [-] [X_PWR] [X_PWR:MOTOR_3_B] stub_found pin=X_PWR:MOTOR_3_B tip=Cell(col=2, row=147) tip_mm=(2.54,186.69) extra=0 cells=1
17:54:49 | DEBUG   | eda.stub               | [root] [-] [X_ACT] [X_ACT:MOTOR_3_B] plan_stub X_ACT:MOTOR_3_B direction=left outward_symbol=left rotation=0 mirror=None pin_mm=(104.14,24.13) pin_cell=Cell(col=82, row=19)
17:54:49 | DEBUG   | eda.stub               | [root] [-] [X_ACT] [X_ACT:MOTOR_3_B] stub_found pin=X_ACT:MOTOR_3_B tip=Cell(col=65, row=19) tip_mm=(82.55,24.13) extra=1 cells=2
17:54:50 | DEBUG   | eda.stub               | [root] [-] [X_PWR] [X_PWR:MOTOR_3_B] plan_stub X_PWR:MOTOR_3_B direction=left outward_symbol=left rotation=0 mirror=None pin_mm=(22.86,186.69) pin_cell=Cell(col=18, row=147)
17:54:50 | ERROR   | eda.stub               | [root] [-] [X_PWR] [X_PWR:MOTOR_3_B] stub_max_extra_exceeded limit=20 pin=X_PWR:MOTOR_3_B tip=Cell(col=-19, row=147)
17:54:50 | ERROR   | eda.stub               | [root] [-] [X_PWR] [X_PWR:MOTOR_3_B] stub_failed reason=max_extra_exceeded pin=X_PWR:MOTOR_3_B pin_mm=(22.86,186.69) cell=Cell(col=18, row=147)
17:54:50 | DEBUG   | eda.stub               | [root] [-] [X_ACT] [X_ACT:MOTOR_3_B] plan_stub X_ACT:MOTOR_3_B direction=left outward_symbol=left rotation=0 mirror=None pin_mm=(104.14,24.13) pin_cell=Cell(col=82, row=19)
17:54:50 | DEBUG   | eda.stub               | [root] [-] [X_ACT] [X_ACT:MOTOR_3_B] stub_found pin=X_ACT:MOTOR_3_B tip=Cell(col=49, row=19) tip_mm=(62.23,24.13) extra=17 cells=18
17:54:50 | DEBUG   | eda.stub               | [root] [-] [X_PWR] [X_PWR:FB_M3_RAW] plan_stub X_PWR:FB_M3_RAW direction=right outward_symbol=right rotation=0 mirror=None pin_mm=(3.81,189.23) pin_cell=Cell(col=3, row=149)
17:54:50 | DEBUG   | eda.stub               | [root] [-] [X_PWR] [X_PWR:FB_M3_RAW] stub_found pin=X_PWR:FB_M3_RAW tip=Cell(col=19, row=149) tip_mm=(24.13,189.23) extra=0 cells=1
17:54:50 | DEBUG   | eda.stub               | [root] [-] [X_ACT] [X_ACT:FB_M3_RAW] plan_stub X_ACT:FB_M3_RAW direction=right outward_symbol=right rotation=0 mirror=None pin_mm=(85.09,24.13) pin_cell=Cell(col=67, row=19)
17:54:50 | DEBUG   | eda.stub               | [root] [-] [X_ACT] [X_ACT:FB_M3_RAW] stub_found pin=X_ACT:FB_M3_RAW tip=Cell(col=84, row=19) tip_mm=(106.68,24.13) extra=1 cells=2
17:54:52 | DEBUG   | eda.stub               | [root] [-] [X_PWR] [X_PWR:FB_M3_RAW] plan_stub X_PWR:FB_M3_RAW direction=right outward_symbol=right rotation=0 mirror=None pin_mm=(3.81,189.23) pin_cell=Cell(col=3, row=149)
17:54:52 | ERROR   | eda.stub               | [root] [-] [X_PWR] [X_PWR:FB_M3_RAW] stub_max_extra_exceeded limit=20 pin=X_PWR:FB_M3_RAW tip=Cell(col=40, row=149)
17:54:52 | ERROR   | eda.stub               | [root] [-] [X_PWR] [X_PWR:FB_M3_RAW] stub_failed reason=max_extra_exceeded pin=X_PWR:FB_M3_RAW pin_mm=(3.81,189.23) cell=Cell(col=3, row=149)
17:54:53 | DEBUG   | eda.stub               | [root] [-] [X_ACT] [X_ACT:FB_M3_RAW] plan_stub X_ACT:FB_M3_RAW direction=right outward_symbol=right rotation=0 mirror=None pin_mm=(85.09,24.13) pin_cell=Cell(col=67, row=19)
17:54:53 | DEBUG   | eda.stub               | [root] [-] [X_ACT] [X_ACT:FB_M3_RAW] stub_found pin=X_ACT:FB_M3_RAW tip=Cell(col=94, row=19) tip_mm=(119.38,24.13) extra=11 cells=12
17:54:53 | DEBUG   | eda.stub               | [root] [-] [U1] [U1:26] plan_stub U1:26 direction=right outward_symbol=right rotation=0 mirror=None pin_mm=(113.03,204.47) pin_cell=Cell(col=89, row=161)
17:54:53 | DEBUG   | eda.stub               | [root] [-] [U1] [U1:26] stub_found pin=U1:26 tip=Cell(col=90, row=161) tip_mm=(114.30,204.47) extra=0 cells=1
17:54:53 | DEBUG   | eda.stub               | [root] [-] [X_ACT] [X_ACT:FB_M3] plan_stub X_ACT:FB_M3 direction=left outward_symbol=left rotation=0 mirror=None pin_mm=(104.14,26.67) pin_cell=Cell(col=82, row=21)
17:54:53 | DEBUG   | eda.stub               | [root] [-] [X_ACT] [X_ACT:FB_M3] stub_found pin=X_ACT:FB_M3 tip=Cell(col=65, row=21) tip_mm=(82.55,26.67) extra=1 cells=2
17:54:53 | DEBUG   | eda.stub               | [root] [-] [U1] [U1:57] plan_stub U1:57 direction=right outward_symbol=right rotation=0 mirror=None pin_mm=(113.03,217.17) pin_cell=Cell(col=89, row=171)
17:54:53 | DEBUG   | eda.stub               | [root] [-] [U1] [U1:57] stub_found pin=U1:57 tip=Cell(col=90, row=171) tip_mm=(114.30,217.17) extra=0 cells=1
17:54:53 | DEBUG   | eda.stub               | [root] [-] [X_ACT] [X_ACT:M3_IN1] plan_stub X_ACT:M3_IN1 direction=right outward_symbol=right rotation=0 mirror=None pin_mm=(85.09,26.67) pin_cell=Cell(col=67, row=21)
17:54:53 | DEBUG   | eda.stub               | [root] [-] [X_ACT] [X_ACT:M3_IN1] stub_found pin=X_ACT:M3_IN1 tip=Cell(col=84, row=21) tip_mm=(106.68,26.67) extra=1 cells=2
17:54:54 | DEBUG   | eda.stub               | [root] [-] [X_ACT] [X_ACT:M3_IN1] plan_stub X_ACT:M3_IN1 direction=right outward_symbol=right rotation=0 mirror=None pin_mm=(85.09,26.67) pin_cell=Cell(col=67, row=21)
17:54:54 | DEBUG   | eda.stub               | [root] [-] [X_ACT] [X_ACT:M3_IN1] stub_found pin=X_ACT:M3_IN1 tip=Cell(col=96, row=21) tip_mm=(121.92,26.67) extra=13 cells=14
17:54:54 | DEBUG   | eda.stub               | [root] [-] [U1] [U1:58] plan_stub U1:58 direction=right outward_symbol=right rotation=0 mirror=None pin_mm=(113.03,219.71) pin_cell=Cell(col=89, row=173)
17:54:54 | DEBUG   | eda.stub               | [root] [-] [U1] [U1:58] stub_found pin=U1:58 tip=Cell(col=90, row=173) tip_mm=(114.30,219.71) extra=0 cells=1
17:54:54 | DEBUG   | eda.stub               | [root] [-] [X_ACT] [X_ACT:M3_IN2] plan_stub X_ACT:M3_IN2 direction=right outward_symbol=right rotation=0 mirror=None pin_mm=(85.09,29.21) pin_cell=Cell(col=67, row=23)
17:54:54 | DEBUG   | eda.stub               | [root] [-] [X_ACT] [X_ACT:M3_IN2] stub_found pin=X_ACT:M3_IN2 tip=Cell(col=84, row=23) tip_mm=(106.68,29.21) extra=1 cells=2
17:54:56 | DEBUG   | eda.stub               | [root] [-] [X_ACT] [X_ACT:M3_IN2] plan_stub X_ACT:M3_IN2 direction=right outward_symbol=right rotation=0 mirror=None pin_mm=(85.09,29.21) pin_cell=Cell(col=67, row=23)
17:54:56 | DEBUG   | eda.stub               | [root] [-] [X_ACT] [X_ACT:M3_IN2] stub_found pin=X_ACT:M3_IN2 tip=Cell(col=98, row=23) tip_mm=(124.46,29.21) extra=15 cells=16
17:54:56 | DEBUG   | eda.stub               | [root] [-] [X_PWR] [X_PWR:MOTOR_4_A] plan_stub X_PWR:MOTOR_4_A direction=left outward_symbol=left rotation=0 mirror=None pin_mm=(22.86,189.23) pin_cell=Cell(col=18, row=149)
17:54:56 | DEBUG   | eda.stub               | [root] [-] [X_PWR] [X_PWR:MOTOR_4_A] stub_found pin=X_PWR:MOTOR_4_A tip=Cell(col=1, row=149) tip_mm=(1.27,189.23) extra=1 cells=2
17:54:56 | DEBUG   | eda.stub               | [root] [-] [X_ACT] [X_ACT:MOTOR_4_A] plan_stub X_ACT:MOTOR_4_A direction=left outward_symbol=left rotation=0 mirror=None pin_mm=(104.14,29.21) pin_cell=Cell(col=82, row=23)
17:54:56 | DEBUG   | eda.stub               | [root] [-] [X_ACT] [X_ACT:MOTOR_4_A] stub_found pin=X_ACT:MOTOR_4_A tip=Cell(col=65, row=23) tip_mm=(82.55,29.21) extra=1 cells=2
17:54:58 | DEBUG   | eda.stub               | [root] [-] [X_PWR] [X_PWR:MOTOR_4_A] plan_stub X_PWR:MOTOR_4_A direction=left outward_symbol=left rotation=0 mirror=None pin_mm=(22.86,189.23) pin_cell=Cell(col=18, row=149)
17:54:58 | ERROR   | eda.stub               | [root] [-] [X_PWR] [X_PWR:MOTOR_4_A] stub_max_extra_exceeded limit=20 pin=X_PWR:MOTOR_4_A tip=Cell(col=-19, row=149)
17:54:58 | ERROR   | eda.stub               | [root] [-] [X_PWR] [X_PWR:MOTOR_4_A] stub_failed reason=max_extra_exceeded pin=X_PWR:MOTOR_4_A pin_mm=(22.86,189.23) cell=Cell(col=18, row=149)
17:54:58 | DEBUG   | eda.stub               | [root] [-] [X_ACT] [X_ACT:MOTOR_4_A] plan_stub X_ACT:MOTOR_4_A direction=left outward_symbol=left rotation=0 mirror=None pin_mm=(104.14,29.21) pin_cell=Cell(col=82, row=23)
17:54:58 | DEBUG   | eda.stub               | [root] [-] [X_ACT] [X_ACT:MOTOR_4_A] stub_found pin=X_ACT:MOTOR_4_A tip=Cell(col=47, row=23) tip_mm=(59.69,29.21) extra=19 cells=20
17:54:58 | DEBUG   | eda.stub               | [root] [-] [X_PWR] [X_PWR:MOTOR_4_B] plan_stub X_PWR:MOTOR_4_B direction=left outward_symbol=left rotation=0 mirror=None pin_mm=(22.86,191.77) pin_cell=Cell(col=18, row=151)
17:54:58 | DEBUG   | eda.stub               | [root] [-] [X_PWR] [X_PWR:MOTOR_4_B] stub_found pin=X_PWR:MOTOR_4_B tip=Cell(col=1, row=151) tip_mm=(1.27,191.77) extra=1 cells=2
17:54:58 | DEBUG   | eda.stub               | [root] [-] [X_ACT] [X_ACT:MOTOR_4_B] plan_stub X_ACT:MOTOR_4_B direction=left outward_symbol=left rotation=0 mirror=None pin_mm=(104.14,31.75) pin_cell=Cell(col=82, row=25)
17:54:58 | DEBUG   | eda.stub               | [root] [-] [X_ACT] [X_ACT:MOTOR_4_B] stub_found pin=X_ACT:MOTOR_4_B tip=Cell(col=65, row=25) tip_mm=(82.55,31.75) extra=1 cells=2
17:55:00 | DEBUG   | eda.stub               | [root] [-] [X_PWR] [X_PWR:MOTOR_4_B] plan_stub X_PWR:MOTOR_4_B direction=left outward_symbol=left rotation=0 mirror=None pin_mm=(22.86,191.77) pin_cell=Cell(col=18, row=151)
17:55:00 | ERROR   | eda.stub               | [root] [-] [X_PWR] [X_PWR:MOTOR_4_B] stub_max_extra_exceeded limit=20 pin=X_PWR:MOTOR_4_B tip=Cell(col=-19, row=151)
17:55:00 | ERROR   | eda.stub               | [root] [-] [X_PWR] [X_PWR:MOTOR_4_B] stub_failed reason=max_extra_exceeded pin=X_PWR:MOTOR_4_B pin_mm=(22.86,191.77) cell=Cell(col=18, row=151)
17:55:00 | DEBUG   | eda.stub               | [root] [-] [X_ACT] [X_ACT:MOTOR_4_B] plan_stub X_ACT:MOTOR_4_B direction=left outward_symbol=left rotation=0 mirror=None pin_mm=(104.14,31.75) pin_cell=Cell(col=82, row=25)
17:55:00 | ERROR   | eda.stub               | [root] [-] [X_ACT] [X_ACT:MOTOR_4_B] stub_max_extra_exceeded limit=20 pin=X_ACT:MOTOR_4_B tip=Cell(col=45, row=25)
17:55:00 | ERROR   | eda.stub               | [root] [-] [X_ACT] [X_ACT:MOTOR_4_B] stub_failed reason=max_extra_exceeded pin=X_ACT:MOTOR_4_B pin_mm=(104.14,31.75) cell=Cell(col=82, row=25)
17:55:00 | DEBUG   | eda.stub               | [root] [-] [X_PWR] [X_PWR:FB_M4_RAW] plan_stub X_PWR:FB_M4_RAW direction=right outward_symbol=right rotation=0 mirror=None pin_mm=(3.81,191.77) pin_cell=Cell(col=3, row=151)
17:55:00 | DEBUG   | eda.stub               | [root] [-] [X_PWR] [X_PWR:FB_M4_RAW] stub_found pin=X_PWR:FB_M4_RAW tip=Cell(col=22, row=151) tip_mm=(27.94,191.77) extra=3 cells=4
17:55:00 | DEBUG   | eda.stub               | [root] [-] [X_ACT] [X_ACT:FB_M4_RAW] plan_stub X_ACT:FB_M4_RAW direction=right outward_symbol=right rotation=0 mirror=None pin_mm=(85.09,31.75) pin_cell=Cell(col=67, row=25)
17:55:00 | DEBUG   | eda.stub               | [root] [-] [X_ACT] [X_ACT:FB_M4_RAW] stub_found pin=X_ACT:FB_M4_RAW tip=Cell(col=84, row=25) tip_mm=(106.68,31.75) extra=1 cells=2
17:55:04 | DEBUG   | eda.stub               | [root] [-] [U1] [U1:27] plan_stub U1:27 direction=right outward_symbol=right rotation=0 mirror=None pin_mm=(113.03,207.01) pin_cell=Cell(col=89, row=163)
17:55:04 | DEBUG   | eda.stub               | [root] [-] [U1] [U1:27] stub_found pin=U1:27 tip=Cell(col=91, row=163) tip_mm=(115.57,207.01) extra=1 cells=2
17:55:04 | DEBUG   | eda.stub               | [root] [-] [X_ACT] [X_ACT:FB_M4] plan_stub X_ACT:FB_M4 direction=left outward_symbol=left rotation=0 mirror=None pin_mm=(104.14,34.29) pin_cell=Cell(col=82, row=27)
17:55:04 | DEBUG   | eda.stub               | [root] [-] [X_ACT] [X_ACT:FB_M4] stub_found pin=X_ACT:FB_M4 tip=Cell(col=65, row=27) tip_mm=(82.55,34.29) extra=1 cells=2
17:55:04 | DEBUG   | eda.stub               | [root] [-] [U1] [U1:59] plan_stub U1:59 direction=right outward_symbol=right rotation=0 mirror=None pin_mm=(113.03,222.25) pin_cell=Cell(col=89, row=175)
17:55:04 | DEBUG   | eda.stub               | [root] [-] [U1] [U1:59] stub_found pin=U1:59 tip=Cell(col=90, row=175) tip_mm=(114.30,222.25) extra=0 cells=1
17:55:04 | DEBUG   | eda.stub               | [root] [-] [X_ACT] [X_ACT:M4_IN1] plan_stub X_ACT:M4_IN1 direction=right outward_symbol=right rotation=0 mirror=None pin_mm=(85.09,34.29) pin_cell=Cell(col=67, row=27)
17:55:04 | DEBUG   | eda.stub               | [root] [-] [X_ACT] [X_ACT:M4_IN1] stub_found pin=X_ACT:M4_IN1 tip=Cell(col=84, row=27) tip_mm=(106.68,34.29) extra=1 cells=2
17:55:09 | DEBUG   | eda.stub               | [root] [-] [U1] [U1:2] plan_stub U1:2 direction=left outward_symbol=left rotation=0 mirror=None pin_mm=(77.47,214.63) pin_cell=Cell(col=61, row=169)
17:55:09 | DEBUG   | eda.stub               | [root] [-] [U1] [U1:2] stub_found pin=U1:2 tip=Cell(col=59, row=169) tip_mm=(74.93,214.63) extra=1 cells=2
17:55:09 | DEBUG   | eda.stub               | [root] [-] [X_ACT] [X_ACT:M4_IN2] plan_stub X_ACT:M4_IN2 direction=right outward_symbol=right rotation=0 mirror=None pin_mm=(85.09,36.83) pin_cell=Cell(col=67, row=29)
17:55:09 | DEBUG   | eda.stub               | [root] [-] [X_ACT] [X_ACT:M4_IN2] stub_found pin=X_ACT:M4_IN2 tip=Cell(col=84, row=29) tip_mm=(106.68,36.83) extra=1 cells=2
17:55:13 | DEBUG   | eda.stub               | [root] [-] [U1] [U1:41] plan_stub U1:41 direction=right outward_symbol=right rotation=0 mirror=None pin_mm=(113.03,181.61) pin_cell=Cell(col=89, row=143)
17:55:13 | DEBUG   | eda.stub               | [root] [-] [U1] [U1:41] stub_found pin=U1:41 tip=Cell(col=90, row=143) tip_mm=(114.30,181.61) extra=0 cells=1
17:55:13 | DEBUG   | eda.stub               | [root] [-] [X_OUT] [X_OUT:FAN_PWM_CTL] plan_stub X_OUT:FAN_PWM_CTL direction=right outward_symbol=right rotation=0 mirror=None pin_mm=(191.77,35.56) pin_cell=Cell(col=151, row=28)
17:55:13 | DEBUG   | eda.stub               | [root] [-] [X_OUT] [X_OUT:FAN_PWM_CTL] stub_found pin=X_OUT:FAN_PWM_CTL tip=Cell(col=167, row=28) tip_mm=(212.09,35.56) extra=0 cells=1
17:55:15 | DEBUG   | eda.stub               | [root] [-] [X_OUT] [X_OUT:FAN_PWM_CTL] plan_stub X_OUT:FAN_PWM_CTL direction=right outward_symbol=right rotation=0 mirror=None pin_mm=(191.77,35.56) pin_cell=Cell(col=151, row=28)
17:55:15 | DEBUG   | eda.stub               | [root] [-] [X_OUT] [X_OUT:FAN_PWM_CTL] stub_found pin=X_OUT:FAN_PWM_CTL tip=Cell(col=168, row=28) tip_mm=(213.36,35.56) extra=1 cells=2
17:55:15 | DEBUG   | eda.stub               | [root] [-] [X_PWR] [X_PWR:HEAT_FAN_PWM_CTL] plan_stub X_PWR:HEAT_FAN_PWM_CTL direction=left outward_symbol=left rotation=0 mirror=None pin_mm=(22.86,199.39) pin_cell=Cell(col=18, row=157)
17:55:15 | DEBUG   | eda.stub               | [root] [-] [X_PWR] [X_PWR:HEAT_FAN_PWM_CTL] stub_found pin=X_PWR:HEAT_FAN_PWM_CTL tip=Cell(col=1, row=157) tip_mm=(1.27,199.39) extra=1 cells=2
17:55:15 | DEBUG   | eda.stub               | [root] [-] [X_OUT] [X_OUT:HEAT_FAN_PWM_CTL] plan_stub X_OUT:HEAT_FAN_PWM_CTL direction=left outward_symbol=left rotation=0 mirror=None pin_mm=(210.82,30.48) pin_cell=Cell(col=166, row=24)
17:55:15 | DEBUG   | eda.stub               | [root] [-] [X_OUT] [X_OUT:HEAT_FAN_PWM_CTL] stub_found pin=X_OUT:HEAT_FAN_PWM_CTL tip=Cell(col=149, row=24) tip_mm=(189.23,30.48) extra=1 cells=2
17:55:18 | DEBUG   | eda.stub               | [root] [-] [X_PWR] [X_PWR:HEAT_FAN_PWM_CTL] plan_stub X_PWR:HEAT_FAN_PWM_CTL direction=left outward_symbol=left rotation=0 mirror=None pin_mm=(22.86,199.39) pin_cell=Cell(col=18, row=157)
17:55:18 | ERROR   | eda.stub               | [root] [-] [X_PWR] [X_PWR:HEAT_FAN_PWM_CTL] stub_max_extra_exceeded limit=20 pin=X_PWR:HEAT_FAN_PWM_CTL tip=Cell(col=-19, row=157)
17:55:18 | ERROR   | eda.stub               | [root] [-] [X_PWR] [X_PWR:HEAT_FAN_PWM_CTL] stub_failed reason=max_extra_exceeded pin=X_PWR:HEAT_FAN_PWM_CTL pin_mm=(22.86,199.39) cell=Cell(col=18, row=157)
17:55:18 | DEBUG   | eda.stub               | [root] [-] [X_OUT] [X_OUT:HEAT_FAN_PWM_CTL] plan_stub X_OUT:HEAT_FAN_PWM_CTL direction=left outward_symbol=left rotation=0 mirror=None pin_mm=(210.82,30.48) pin_cell=Cell(col=166, row=24)
17:55:18 | DEBUG   | eda.stub               | [root] [-] [X_OUT] [X_OUT:HEAT_FAN_PWM_CTL] stub_found pin=X_OUT:HEAT_FAN_PWM_CTL tip=Cell(col=145, row=24) tip_mm=(184.15,30.48) extra=5 cells=6
17:55:18 | DEBUG   | eda.stub               | [root] [-] [U1] [U1:11] plan_stub U1:11 direction=left outward_symbol=left rotation=0 mirror=None pin_mm=(77.47,189.23) pin_cell=Cell(col=61, row=149)
17:55:18 | DEBUG   | eda.stub               | [root] [-] [U1] [U1:11] stub_found pin=U1:11 tip=Cell(col=59, row=149) tip_mm=(74.93,189.23) extra=1 cells=2
17:55:18 | DEBUG   | eda.stub               | [root] [-] [X_SEN_CABIN] [X_SEN_CABIN:M_FAN_CTL] plan_stub X_SEN_CABIN:M_FAN_CTL direction=right outward_symbol=right rotation=0 mirror=None pin_mm=(287.02,40.64) pin_cell=Cell(col=226, row=32)
17:55:18 | DEBUG   | eda.stub               | [root] [-] [X_SEN_CABIN] [X_SEN_CABIN:M_FAN_CTL] stub_found pin=X_SEN_CABIN:M_FAN_CTL tip=Cell(col=243, row=32) tip_mm=(308.61,40.64) extra=1 cells=2
17:55:23 | DEBUG   | eda.stub               | [root] [-] [U1] [U1:28] plan_stub U1:28 direction=right outward_symbol=right rotation=0 mirror=None pin_mm=(113.03,209.55) pin_cell=Cell(col=89, row=165)
17:55:23 | DEBUG   | eda.stub               | [root] [-] [U1] [U1:28] stub_found pin=U1:28 tip=Cell(col=91, row=165) tip_mm=(115.57,209.55) extra=1 cells=2
17:55:23 | DEBUG   | eda.stub               | [root] [-] [X_OUT] [X_OUT:AC_CTL] plan_stub X_OUT:AC_CTL direction=right outward_symbol=right rotation=0 mirror=None pin_mm=(191.77,38.10) pin_cell=Cell(col=151, row=30)
17:55:23 | DEBUG   | eda.stub               | [root] [-] [X_OUT] [X_OUT:AC_CTL] stub_found pin=X_OUT:AC_CTL tip=Cell(col=168, row=30) tip_mm=(213.36,38.10) extra=1 cells=2
17:55:26 | DEBUG   | eda.stub               | [root] [-] [X_OUT] [X_OUT:AC_CTL] plan_stub X_OUT:AC_CTL direction=right outward_symbol=right rotation=0 mirror=None pin_mm=(191.77,38.10) pin_cell=Cell(col=151, row=30)
17:55:26 | DEBUG   | eda.stub               | [root] [-] [X_OUT] [X_OUT:AC_CTL] stub_found pin=X_OUT:AC_CTL tip=Cell(col=170, row=30) tip_mm=(215.90,38.10) extra=3 cells=4
17:55:26 | DEBUG   | eda.stub               | [root] [-] [X_PWR] [X_PWR:AC_REQ_OUT] plan_stub X_PWR:AC_REQ_OUT direction=right outward_symbol=right rotation=0 mirror=None pin_mm=(3.81,194.31) pin_cell=Cell(col=3, row=153)
17:55:26 | DEBUG   | eda.stub               | [root] [-] [X_PWR] [X_PWR:AC_REQ_OUT] stub_found pin=X_PWR:AC_REQ_OUT tip=Cell(col=20, row=153) tip_mm=(25.40,194.31) extra=1 cells=2
17:55:26 | DEBUG   | eda.stub               | [root] [-] [X_OUT] [X_OUT:AC_REQ_OUT] plan_stub X_OUT:AC_REQ_OUT direction=right outward_symbol=right rotation=0 mirror=None pin_mm=(191.77,40.64) pin_cell=Cell(col=151, row=32)
17:55:26 | DEBUG   | eda.stub               | [root] [-] [X_OUT] [X_OUT:AC_REQ_OUT] stub_found pin=X_OUT:AC_REQ_OUT tip=Cell(col=168, row=32) tip_mm=(213.36,40.64) extra=1 cells=2
17:55:29 | DEBUG   | eda.stub               | [root] [-] [X_PWR] [X_PWR:AC_REQ_OUT] plan_stub X_PWR:AC_REQ_OUT direction=right outward_symbol=right rotation=0 mirror=None pin_mm=(3.81,194.31) pin_cell=Cell(col=3, row=153)
17:55:29 | ERROR   | eda.stub               | [root] [-] [X_PWR] [X_PWR:AC_REQ_OUT] stub_max_extra_exceeded limit=20 pin=X_PWR:AC_REQ_OUT tip=Cell(col=40, row=153)
17:55:29 | ERROR   | eda.stub               | [root] [-] [X_PWR] [X_PWR:AC_REQ_OUT] stub_failed reason=max_extra_exceeded pin=X_PWR:AC_REQ_OUT pin_mm=(3.81,194.31) cell=Cell(col=3, row=153)
17:55:29 | DEBUG   | eda.stub               | [root] [-] [X_OUT] [X_OUT:AC_REQ_OUT] plan_stub X_OUT:AC_REQ_OUT direction=right outward_symbol=right rotation=0 mirror=None pin_mm=(191.77,40.64) pin_cell=Cell(col=151, row=32)
17:55:29 | DEBUG   | eda.stub               | [root] [-] [X_OUT] [X_OUT:AC_REQ_OUT] stub_found pin=X_OUT:AC_REQ_OUT tip=Cell(col=172, row=32) tip_mm=(218.44,40.64) extra=5 cells=6
17:55:29 | DEBUG   | eda.stub               | [root] [-] [X_PWR] [X_PWR:ILLUM_IN_RAW] plan_stub X_PWR:ILLUM_IN_RAW direction=right outward_symbol=right rotation=0 mirror=None pin_mm=(3.81,196.85) pin_cell=Cell(col=3, row=155)
17:55:29 | DEBUG   | eda.stub               | [root] [-] [X_PWR] [X_PWR:ILLUM_IN_RAW] stub_found pin=X_PWR:ILLUM_IN_RAW tip=Cell(col=20, row=155) tip_mm=(25.40,196.85) extra=1 cells=2
17:55:29 | DEBUG   | eda.stub               | [root] [-] [X_UI] [X_UI:ILLUM_IN_RAW] plan_stub X_UI:ILLUM_IN_RAW direction=right outward_symbol=right rotation=0 mirror=None pin_mm=(406.40,21.59) pin_cell=Cell(col=320, row=17)
17:55:29 | DEBUG   | eda.stub               | [root] [-] [X_UI] [X_UI:ILLUM_IN_RAW] stub_found pin=X_UI:ILLUM_IN_RAW tip=Cell(col=341, row=17) tip_mm=(433.07,21.59) extra=1 cells=2
17:55:34 | DEBUG   | eda.stub               | [root] [-] [X_BACKLIGHT] [X_BACKLIGHT:ILLUM_IN_RAW] plan_stub X_BACKLIGHT:ILLUM_IN_RAW direction=right outward_symbol=right rotation=0 mirror=None pin_mm=(3.81,35.56) pin_cell=Cell(col=3, row=28)
17:55:34 | DEBUG   | eda.stub               | [root] [-] [X_BACKLIGHT] [X_BACKLIGHT:ILLUM_IN_RAW] stub_found pin=X_BACKLIGHT:ILLUM_IN_RAW tip=Cell(col=19, row=28) tip_mm=(24.13,35.56) extra=0 cells=1
17:55:37 | DEBUG   | eda.stub               | [root] [-] [X_PWR] [X_PWR:ILLUM_IN_RAW] plan_stub X_PWR:ILLUM_IN_RAW direction=right outward_symbol=right rotation=0 mirror=None pin_mm=(3.81,196.85) pin_cell=Cell(col=3, row=155)
17:55:37 | ERROR   | eda.stub               | [root] [-] [X_PWR] [X_PWR:ILLUM_IN_RAW] stub_max_extra_exceeded limit=20 pin=X_PWR:ILLUM_IN_RAW tip=Cell(col=40, row=155)
17:55:37 | ERROR   | eda.stub               | [root] [-] [X_PWR] [X_PWR:ILLUM_IN_RAW] stub_failed reason=max_extra_exceeded pin=X_PWR:ILLUM_IN_RAW pin_mm=(3.81,196.85) cell=Cell(col=3, row=155)
17:55:37 | DEBUG   | eda.stub               | [root] [-] [X_UI] [X_UI:ILLUM_IN_RAW] plan_stub X_UI:ILLUM_IN_RAW direction=right outward_symbol=right rotation=0 mirror=None pin_mm=(406.40,21.59) pin_cell=Cell(col=320, row=17)
17:55:37 | DEBUG   | eda.stub               | [root] [-] [X_UI] [X_UI:ILLUM_IN_RAW] stub_found pin=X_UI:ILLUM_IN_RAW tip=Cell(col=345, row=17) tip_mm=(438.15,21.59) extra=5 cells=6
17:55:37 | DEBUG   | eda.stub               | [root] [-] [X_BACKLIGHT] [X_BACKLIGHT:ILLUM_IN_RAW] plan_stub X_BACKLIGHT:ILLUM_IN_RAW direction=right outward_symbol=right rotation=0 mirror=None pin_mm=(3.81,35.56) pin_cell=Cell(col=3, row=28)
17:55:37 | DEBUG   | eda.stub               | [root] [-] [X_BACKLIGHT] [X_BACKLIGHT:ILLUM_IN_RAW] stub_found pin=X_BACKLIGHT:ILLUM_IN_RAW tip=Cell(col=22, row=28) tip_mm=(27.94,35.56) extra=3 cells=4
17:55:37 | DEBUG   | eda.stub               | [root] [-] [U1] [U1:8] plan_stub U1:8 direction=left outward_symbol=left rotation=0 mirror=None pin_mm=(77.47,181.61) pin_cell=Cell(col=61, row=143)
17:55:37 | DEBUG   | eda.stub               | [root] [-] [U1] [U1:8] stub_found pin=U1:8 tip=Cell(col=59, row=143) tip_mm=(74.93,181.61) extra=1 cells=2
17:55:37 | DEBUG   | eda.stub               | [root] [-] [X_UI] [X_UI:ILLUM_SENSE] plan_stub X_UI:ILLUM_SENSE direction=right outward_symbol=right rotation=0 mirror=None pin_mm=(406.40,24.13) pin_cell=Cell(col=320, row=19)
17:55:37 | DEBUG   | eda.stub               | [root] [-] [X_UI] [X_UI:ILLUM_SENSE] stub_found pin=X_UI:ILLUM_SENSE tip=Cell(col=341, row=19) tip_mm=(433.07,24.13) extra=1 cells=2
17:55:37 | DEBUG   | eda.stub               | [root] [-] [U1] [U1:62] plan_stub U1:62 direction=right outward_symbol=right rotation=0 mirror=None pin_mm=(113.03,227.33) pin_cell=Cell(col=89, row=179)
17:55:37 | DEBUG   | eda.stub               | [root] [-] [U1] [U1:62] stub_found pin=U1:62 tip=Cell(col=90, row=179) tip_mm=(114.30,227.33) extra=0 cells=1
17:55:37 | DEBUG   | eda.stub               | [root] [-] [X_CAN] [X_CAN:CAN_TX] plan_stub X_CAN:CAN_TX direction=left outward_symbol=left rotation=0 mirror=None pin_mm=(336.55,30.48) pin_cell=Cell(col=265, row=24)
17:55:37 | DEBUG   | eda.stub               | [root] [-] [X_CAN] [X_CAN:CAN_TX] stub_found pin=X_CAN:CAN_TX tip=Cell(col=248, row=24) tip_mm=(314.96,30.48) extra=1 cells=2
17:55:41 | DEBUG   | eda.stub               | [root] [-] [X_CAN] [X_CAN:CAN_TX] plan_stub X_CAN:CAN_TX direction=left outward_symbol=left rotation=0 mirror=None pin_mm=(336.55,30.48) pin_cell=Cell(col=265, row=24)
17:55:41 | DEBUG   | eda.stub               | [root] [-] [X_CAN] [X_CAN:CAN_TX] stub_found pin=X_CAN:CAN_TX tip=Cell(col=246, row=24) tip_mm=(312.42,30.48) extra=3 cells=4
17:55:41 | DEBUG   | eda.stub               | [root] [-] [U1] [U1:61] plan_stub U1:61 direction=right outward_symbol=right rotation=0 mirror=None pin_mm=(113.03,224.79) pin_cell=Cell(col=89, row=177)
17:55:41 | DEBUG   | eda.stub               | [root] [-] [U1] [U1:61] stub_found pin=U1:61 tip=Cell(col=90, row=177) tip_mm=(114.30,224.79) extra=0 cells=1
17:55:41 | DEBUG   | eda.stub               | [root] [-] [X_CAN] [X_CAN:CAN_RX] plan_stub X_CAN:CAN_RX direction=left outward_symbol=left rotation=0 mirror=None pin_mm=(336.55,33.02) pin_cell=Cell(col=265, row=26)
17:55:41 | DEBUG   | eda.stub               | [root] [-] [X_CAN] [X_CAN:CAN_RX] stub_found pin=X_CAN:CAN_RX tip=Cell(col=248, row=26) tip_mm=(314.96,33.02) extra=1 cells=2
17:55:47 | DEBUG   | eda.stub               | [root] [-] [X_CAN] [X_CAN:CANH] plan_stub X_CAN:CANH direction=left outward_symbol=left rotation=0 mirror=None pin_mm=(336.55,35.56) pin_cell=Cell(col=265, row=28)
17:55:47 | ERROR   | eda.stub               | [root] [-] [X_CAN] [X_CAN:CANH] stub_blocked_by_bbox comp=X_SEN_CABIN pin=X_CAN:CANH tip=Cell(col=241, row=28)
17:55:47 | ERROR   | eda.stub               | [root] [-] [X_CAN] [X_CAN:CANH] stub_failed reason=foreign_bbox pin=X_CAN:CANH pin_mm=(336.55,35.56) cell=Cell(col=265, row=28)
17:55:47 | DEBUG   | eda.stub               | [root] [-] [X_PWR] [X_PWR:CANH] plan_stub X_PWR:CANH direction=left outward_symbol=left rotation=0 mirror=None pin_mm=(22.86,194.31) pin_cell=Cell(col=18, row=153)
17:55:47 | DEBUG   | eda.stub               | [root] [-] [X_PWR] [X_PWR:CANH] stub_found pin=X_PWR:CANH tip=Cell(col=1, row=153) tip_mm=(1.27,194.31) extra=1 cells=2
17:55:53 | DEBUG   | eda.stub               | [root] [-] [X_CAN] [X_CAN:CANL] plan_stub X_CAN:CANL direction=left outward_symbol=left rotation=0 mirror=None pin_mm=(336.55,38.10) pin_cell=Cell(col=265, row=30)
17:55:53 | ERROR   | eda.stub               | [root] [-] [X_CAN] [X_CAN:CANL] stub_blocked_by_bbox comp=X_SEN_CABIN pin=X_CAN:CANL tip=Cell(col=241, row=30)
17:55:53 | ERROR   | eda.stub               | [root] [-] [X_CAN] [X_CAN:CANL] stub_failed reason=foreign_bbox pin=X_CAN:CANL pin_mm=(336.55,38.10) cell=Cell(col=265, row=30)
17:55:53 | DEBUG   | eda.stub               | [root] [-] [X_PWR] [X_PWR:CANL] plan_stub X_PWR:CANL direction=left outward_symbol=left rotation=0 mirror=None pin_mm=(22.86,196.85) pin_cell=Cell(col=18, row=155)
17:55:53 | DEBUG   | eda.stub               | [root] [-] [X_PWR] [X_PWR:CANL] stub_found pin=X_PWR:CANL tip=Cell(col=-5, row=155) tip_mm=(-6.35,196.85) extra=7 cells=8
17:55:58 | DEBUG   | eda.stub               | [root] [-] [X_CAN] [X_CAN:CANL] plan_stub X_CAN:CANL direction=left outward_symbol=left rotation=0 mirror=None pin_mm=(336.55,38.10) pin_cell=Cell(col=265, row=30)
17:55:58 | ERROR   | eda.stub               | [root] [-] [X_CAN] [X_CAN:CANL] stub_blocked_by_bbox comp=X_SEN_CABIN pin=X_CAN:CANL tip=Cell(col=241, row=30)
17:55:58 | ERROR   | eda.stub               | [root] [-] [X_CAN] [X_CAN:CANL] stub_failed reason=foreign_bbox pin=X_CAN:CANL pin_mm=(336.55,38.10) cell=Cell(col=265, row=30)
17:55:58 | DEBUG   | eda.stub               | [root] [-] [X_PWR] [X_PWR:CANL] plan_stub X_PWR:CANL direction=left outward_symbol=left rotation=0 mirror=None pin_mm=(22.86,196.85) pin_cell=Cell(col=18, row=155)
17:55:58 | ERROR   | eda.stub               | [root] [-] [X_PWR] [X_PWR:CANL] stub_max_extra_exceeded limit=20 pin=X_PWR:CANL tip=Cell(col=-19, row=155)
17:55:58 | ERROR   | eda.stub               | [root] [-] [X_PWR] [X_PWR:CANL] stub_failed reason=max_extra_exceeded pin=X_PWR:CANL pin_mm=(22.86,196.85) cell=Cell(col=18, row=155)
